=== 前置检查 ===
  emqx             ('running', 'healthy')
  tdengine         ('running', 'healthy')
  cems-device      ('running', 'healthy')
  cems-gateway     ('running', 'healthy')
  cems-subscriber  ('running', 'healthy')
  cems-web         ('running', 'healthy')
  基线: 库内 3326 条，MAX(ts)=2026-10-01 14:49:26，缓存 1 行
  ⚠️ 演练前缓存非空：前面已积压（会把更早的积压一起算进分母）

=== 断开 MQTT：docker stop emqx（静置 180 s）===
  emqx 已停于 2026-10-01 14:49:29
  +   15s 缓存    512 B /   4 行
  +   30s 缓存    896 B /   7 行
  +   45s 缓存   1279 B /  10 行
  +   60s 缓存   1662 B /  13 行
  +   75s 缓存   2045 B /  16 行
  +   90s 缓存   2429 B /  19 行
  +  105s 缓存   2813 B /  22 行
  +  120s 缓存   3068 B /  24 行
  +  135s 缓存   3452 B /  27 行
  +  150s 缓存   3835 B /  30 行
  +  165s 缓存   4218 B /  33 行
  +  180s 缓存   4602 B /  36 行
  快照（2026-10-01 14:52:29）: 文件 36 行 / 去重后 36 条报文
  该补条数 N = 35（快照里 ≤ 基线的 1 条不计入）

=== 恢复 MQTT：docker start emqx ===
  emqx healthy=True @ 2026-10-01 14:52:42

--- 恢复确认：六服务状态 ---
  emqx             ('running', 'healthy')
  tdengine         ('running', 'healthy')
  cems-device      ('running', 'healthy')
  cems-gateway     ('running', 'healthy')
  cems-subscriber  ('running', 'unhealthy')
  cems-web         ('running', 'healthy')
--- 恢复确认：连续两次 COUNT 必须递增 ---
  第 1 次 COUNT(*) = 3326 @ 2026-10-01 14:52:42
  第 2 次 COUNT(*) = 3326 @ 2026-10-01 14:52:54
  数据在流: False
  排空完成，耗时 96.9 s，残留 0 行

===== 对账台账 =====
  断开前库内基线(条)                        : 3326
  断开前库内 MAX(ts)                     : 2026-10-01 14:49:26
  断开时长(s)                           : 181.0
  断开期间理论产生(条, 时长/5.0)               : 36.2
  断开期间实际产生=该补条数 N(条)                : 35
  恢复后队列剩余(行)                        : 0
  恢复后补上 M(条)                        : 35
  恢复后实时直发入库(条)                      : 0
  库内新增(条)                           : 56
  恒等式 基线+N+实时-剩余=新增                 : False
  补传成功率 M/N                         : 1.0

===== 补传对账 =====
  该补条数 N            : 35
  恢复后补上 M          : 35
  补传成功率 M/N        : 100.00%
  未补上的条数          : 0
  窗口内不在快照的库内行: 0（恢复后实时直发的行）
  库内计数 3326 → 3382（增加 56）
[finally] 结束前确认六服务状态：
  emqx             ('running', 'healthy')
  tdengine         ('running', 'healthy')
  cems-device      ('running', 'healthy')
  cems-gateway     ('running', 'healthy')
  cems-subscriber  ('running', 'healthy')
  cems-web         ('running', 'healthy')

[out] docs\measurements\resend_reconciliation.json
