2026-10-02 14:54:44 [INFO] platform.subscriber_to_td: 本实例负责: 主题 cems/loadtest/gw/device5/data → 子表 loadtest_lt5（plant=loadtest, device=lt5）
2026-10-02 14:54:44 [INFO] platform.subscriber_to_td: TDengine 就绪: 库=cems, 超级表=cems_data
2026-10-02 14:54:44 [INFO] platform.subscriber_to_td: 告警表就绪: cems_alarm_event / cems_hourly_verdict / cems_alarm_push
2026-10-02 14:54:44 [WARNING] platform.subscriber_to_td: ALARM_ENABLE=0：本次不判超标（只入库、只算折算值）
2026-10-02 14:54:44 [INFO] platform.subscriber_to_td: 等待 MQTT 数据...（Ctrl+C 停止）
2026-10-02 14:54:44 [INFO] platform.subscriber_to_td: MQTT 已连接: 127.0.0.1:1883（会话恢复=False）
2026-10-02 14:54:44 [INFO] platform.subscriber_to_td: 已订阅主题: cems/loadtest/gw/device5/data (QoS=1)
2026-10-02 14:54:46 [INFO] platform.subscriber_to_td: 折算值抽样（第 1 条，已按 HJ 212-2025 §8.1.1 d) 的规则处理：无法折算时传缺省类型最大值哨兵 9999.99；⚠️ 注意这是【规则对齐】，本项目出站报文体仍是内部简化格式，不是 HJ212 报文）: 标干 ts=2026-10-02 21:54:46 O2=6.3000 -> dust=2.9490 so2=20.5102 nox=55.2041
2026-10-02 14:54:50 [INFO] platform.subscriber_to_td: 折算值抽样（第 20 条，已按 HJ 212-2025 §8.1.1 d) 的规则处理：无法折算时传缺省类型最大值哨兵 9999.99；⚠️ 注意这是【规则对齐】，本项目出站报文体仍是内部简化格式，不是 HJ212 报文）: 标干 ts=2026-10-02 21:54:50 O2=6.4000 -> dust=3.0514 so2=20.6507 nox=54.7603
2026-10-02 14:54:54 [INFO] platform.subscriber_to_td: 折算值抽样（第 40 条，已按 HJ 212-2025 §8.1.1 d) 的规则处理：无法折算时传缺省类型最大值哨兵 9999.99；⚠️ 注意这是【规则对齐】，本项目出站报文体仍是内部简化格式，不是 HJ212 报文）: 标干 ts=2026-10-02 21:54:54 O2=6.3000 -> dust=3.1020 so2=20.5102 nox=54.7959
2026-10-02 14:54:58 [INFO] platform.subscriber_to_td: 折算值抽样（第 60 条，已按 HJ 212-2025 §8.1.1 d) 的规则处理：无法折算时传缺省类型最大值哨兵 9999.99；⚠️ 注意这是【规则对齐】，本项目出站报文体仍是内部简化格式，不是 HJ212 报文）: 标干 ts=2026-10-02 21:54:58 O2=6.4000 -> dust=3.2055 so2=20.6507 nox=55.9932
2026-10-02 14:55:02 [INFO] platform.subscriber_to_td: 折算值抽样（第 80 条，已按 HJ 212-2025 §8.1.1 d) 的规则处理：无法折算时传缺省类型最大值哨兵 9999.99；⚠️ 注意这是【规则对齐】，本项目出站报文体仍是内部简化格式，不是 HJ212 报文）: 标干 ts=2026-10-02 21:55:02 O2=6.4000 -> dust=3.2774 so2=20.6507 nox=56.8151
2026-10-02 14:55:07 [INFO] platform.subscriber_to_td: 折算值抽样（第 100 条，已按 HJ 212-2025 §8.1.1 d) 的规则处理：无法折算时传缺省类型最大值哨兵 9999.99；⚠️ 注意这是【规则对齐】，本项目出站报文体仍是内部简化格式，不是 HJ212 报文）: 标干 ts=2026-10-02 21:55:07 O2=6.4000 -> dust=3.3493 so2=20.6507 nox=57.6370
2026-10-02 14:55:11 [INFO] platform.subscriber_to_td: 折算值抽样（第 120 条，已按 HJ 212-2025 §8.1.1 d) 的规则处理：无法折算时传缺省类型最大值哨兵 9999.99；⚠️ 注意这是【规则对齐】，本项目出站报文体仍是内部简化格式，不是 HJ212 报文）: 标干 ts=2026-10-02 21:55:11 O2=6.3000 -> dust=3.4082 so2=20.5102 nox=58.0612
2026-10-02 14:55:15 [INFO] platform.subscriber_to_td: 折算值抽样（第 140 条，已按 HJ 212-2025 §8.1.1 d) 的规则处理：无法折算时传缺省类型最大值哨兵 9999.99；⚠️ 注意这是【规则对齐】，本项目出站报文体仍是内部简化格式，不是 HJ212 报文）: 标干 ts=2026-10-02 21:55:15 O2=6.4000 -> dust=3.5034 so2=20.6507 nox=57.6370
2026-10-02 14:55:19 [INFO] platform.subscriber_to_td: 折算值抽样（第 160 条，已按 HJ 212-2025 §8.1.1 d) 的规则处理：无法折算时传缺省类型最大值哨兵 9999.99；⚠️ 注意这是【规则对齐】，本项目出站报文体仍是内部简化格式，不是 HJ212 报文）: 标干 ts=2026-10-02 21:55:19 O2=6.4000 -> dust=3.5856 so2=20.6507 nox=56.8151
2026-10-02 14:55:23 [INFO] platform.subscriber_to_td: 折算值抽样（第 180 条，已按 HJ 212-2025 §8.1.1 d) 的规则处理：无法折算时传缺省类型最大值哨兵 9999.99；⚠️ 注意这是【规则对齐】，本项目出站报文体仍是内部简化格式，不是 HJ212 报文）: 标干 ts=2026-10-02 21:55:23 O2=6.4000 -> dust=3.6575 so2=20.6507 nox=55.9932
2026-10-02 14:55:27 [INFO] platform.subscriber_to_td: 折算值抽样（第 200 条，已按 HJ 212-2025 §8.1.1 d) 的规则处理：无法折算时传缺省类型最大值哨兵 9999.99；⚠️ 注意这是【规则对齐】，本项目出站报文体仍是内部简化格式，不是 HJ212 报文）: 标干 ts=2026-10-02 21:55:27 O2=6.5000 -> dust=3.7552 so2=20.7931 nox=55.5517
2026-10-02 14:55:31 [INFO] platform.subscriber_to_td: 折算值抽样（第 220 条，已按 HJ 212-2025 §8.1.1 d) 的规则处理：无法折算时传缺省类型最大值哨兵 9999.99；⚠️ 注意这是【规则对齐】，本项目出站报文体仍是内部简化格式，不是 HJ212 报文）: 标干 ts=2026-10-02 21:55:31 O2=6.4000 -> dust=3.8116 so2=20.6507 nox=54.3493
2026-10-02 14:55:35 [INFO] platform.subscriber_to_td: 折算值抽样（第 240 条，已按 HJ 212-2025 §8.1.1 d) 的规则处理：无法折算时传缺省类型最大值哨兵 9999.99；⚠️ 注意这是【规则对齐】，本项目出站报文体仍是内部简化格式，不是 HJ212 报文）: 标干 ts=2026-10-02 21:55:35 O2=6.4000 -> dust=3.8836 so2=20.6507 nox=53.5274
2026-10-02 14:55:39 [INFO] platform.subscriber_to_td: 折算值抽样（第 260 条，已按 HJ 212-2025 §8.1.1 d) 的规则处理：无法折算时传缺省类型最大值哨兵 9999.99；⚠️ 注意这是【规则对齐】，本项目出站报文体仍是内部简化格式，不是 HJ212 报文）: 标干 ts=2026-10-02 21:55:39 O2=6.4000 -> dust=3.9658 so2=20.6507 nox=52.6027
2026-10-02 14:55:44 [INFO] platform.subscriber_to_td: 折算值抽样（第 280 条，已按 HJ 212-2025 §8.1.1 d) 的规则处理：无法折算时传缺省类型最大值哨兵 9999.99；⚠️ 注意这是【规则对齐】，本项目出站报文体仍是内部简化格式，不是 HJ212 报文）: 标干 ts=2026-10-02 21:55:44 O2=6.4000 -> dust=4.0788 so2=20.5479 nox=51.3699
2026-10-02 14:55:48 [INFO] platform.subscriber_to_td: 折算值抽样（第 300 条，已按 HJ 212-2025 §8.1.1 d) 的规则处理：无法折算时传缺省类型最大值哨兵 9999.99；⚠️ 注意这是【规则对齐】，本项目出站报文体仍是内部简化格式，不是 HJ212 报文）: 标干 ts=2026-10-02 21:55:48 O2=6.4000 -> dust=4.1918 so2=20.5479 nox=50.1370
2026-10-02 14:55:54 [INFO] platform.subscriber_to_td: 折算值抽样（第 320 条，已按 HJ 212-2025 §8.1.1 d) 的规则处理：无法折算时传缺省类型最大值哨兵 9999.99；⚠️ 注意这是【规则对齐】，本项目出站报文体仍是内部简化格式，不是 HJ212 报文）: 标干 ts=2026-10-02 21:55:54 O2=6.4000 -> dust=4.3048 so2=20.5479 nox=48.9041
2026-10-02 14:55:58 [INFO] platform.subscriber_to_td: 折算值抽样（第 340 条，已按 HJ 212-2025 §8.1.1 d) 的规则处理：无法折算时传缺省类型最大值哨兵 9999.99；⚠️ 注意这是【规则对齐】，本项目出站报文体仍是内部简化格式，不是 HJ212 报文）: 标干 ts=2026-10-02 21:55:58 O2=6.5000 -> dust=4.4069 so2=20.6897 nox=48.3103
2026-10-02 14:56:03 [INFO] platform.subscriber_to_td: 折算值抽样（第 360 条，已按 HJ 212-2025 §8.1.1 d) 的规则处理：无法折算时传缺省类型最大值哨兵 9999.99；⚠️ 注意这是【规则对齐】，本项目出站报文体仍是内部简化格式，不是 HJ212 报文）: 标干 ts=2026-10-02 21:56:03 O2=6.4000 -> dust=4.4589 so2=20.5479 nox=47.2603
2026-10-02 14:56:07 [INFO] platform.subscriber_to_td: 折算值抽样（第 380 条，已按 HJ 212-2025 §8.1.1 d) 的规则处理：无法折算时传缺省类型最大值哨兵 9999.99；⚠️ 注意这是【规则对齐】，本项目出站报文体仍是内部简化格式，不是 HJ212 报文）: 标干 ts=2026-10-02 21:56:07 O2=6.5000 -> dust=4.5621 so2=20.6897 nox=46.6552
2026-10-02 14:56:11 [INFO] platform.subscriber_to_td: 折算值抽样（第 400 条，已按 HJ 212-2025 §8.1.1 d) 的规则处理：无法折算时传缺省类型最大值哨兵 9999.99；⚠️ 注意这是【规则对齐】，本项目出站报文体仍是内部简化格式，不是 HJ212 报文）: 标干 ts=2026-10-02 21:56:11 O2=6.4000 -> dust=4.5719 so2=20.5479 nox=45.9247
2026-10-02 14:56:15 [INFO] platform.subscriber_to_td: 折算值抽样（第 420 条，已按 HJ 212-2025 §8.1.1 d) 的规则处理：无法折算时传缺省类型最大值哨兵 9999.99；⚠️ 注意这是【规则对齐】，本项目出站报文体仍是内部简化格式，不是 HJ212 报文）: 标干 ts=2026-10-02 21:56:15 O2=6.4000 -> dust=4.6438 so2=20.5479 nox=45.1027
2026-10-02 14:56:19 [INFO] platform.subscriber_to_td: 折算值抽样（第 440 条，已按 HJ 212-2025 §8.1.1 d) 的规则处理：无法折算时传缺省类型最大值哨兵 9999.99；⚠️ 注意这是【规则对齐】，本项目出站报文体仍是内部简化格式，不是 HJ212 报文）: 标干 ts=2026-10-02 21:56:19 O2=6.4000 -> dust=4.7260 so2=20.5479 nox=44.2808
2026-10-02 14:56:23 [INFO] platform.subscriber_to_td: 折算值抽样（第 460 条，已按 HJ 212-2025 §8.1.1 d) 的规则处理：无法折算时传缺省类型最大值哨兵 9999.99；⚠️ 注意这是【规则对齐】，本项目出站报文体仍是内部简化格式，不是 HJ212 报文）: 标干 ts=2026-10-02 21:56:23 O2=6.4000 -> dust=4.7979 so2=20.5479 nox=43.4589
2026-10-02 14:56:27 [INFO] platform.subscriber_to_td: 折算值抽样（第 480 条，已按 HJ 212-2025 §8.1.1 d) 的规则处理：无法折算时传缺省类型最大值哨兵 9999.99；⚠️ 注意这是【规则对齐】，本项目出站报文体仍是内部简化格式，不是 HJ212 报文）: 标干 ts=2026-10-02 21:56:27 O2=6.4000 -> dust=4.8699 so2=20.5479 nox=42.6370
2026-10-02 14:56:31 [INFO] platform.subscriber_to_td: 折算值抽样（第 500 条，已按 HJ 212-2025 §8.1.1 d) 的规则处理：无法折算时传缺省类型最大值哨兵 9999.99；⚠️ 注意这是【规则对齐】，本项目出站报文体仍是内部简化格式，不是 HJ212 报文）: 标干 ts=2026-10-02 21:56:31 O2=6.5000 -> dust=4.9862 so2=20.6897 nox=42.1034
2026-10-02 14:56:36 [INFO] platform.subscriber_to_td: 折算值抽样（第 520 条，已按 HJ 212-2025 §8.1.1 d) 的规则处理：无法折算时传缺省类型最大值哨兵 9999.99；⚠️ 注意这是【规则对齐】，本项目出站报文体仍是内部简化格式，不是 HJ212 报文）: 标干 ts=2026-10-02 21:56:36 O2=6.4000 -> dust=5.0651 so2=20.5479 nox=40.4795
2026-10-02 14:56:40 [INFO] platform.subscriber_to_td: 折算值抽样（第 540 条，已按 HJ 212-2025 §8.1.1 d) 的规则处理：无法折算时传缺省类型最大值哨兵 9999.99；⚠️ 注意这是【规则对齐】，本项目出站报文体仍是内部简化格式，不是 HJ212 报文）: 标干 ts=2026-10-02 21:56:40 O2=6.5000 -> dust=5.2138 so2=20.6897 nox=39.5172
2026-10-02 14:56:44 [INFO] platform.subscriber_to_td: 折算值抽样（第 560 条，已按 HJ 212-2025 §8.1.1 d) 的规则处理：无法折算时传缺省类型最大值哨兵 9999.99；⚠️ 注意这是【规则对齐】，本项目出站报文体仍是内部简化格式，不是 HJ212 报文）: 标干 ts=2026-10-02 21:56:44 O2=6.4000 -> dust=5.2500 so2=20.5479 nox=38.4247
2026-10-02 14:56:48 [INFO] platform.subscriber_to_td: 折算值抽样（第 580 条，已按 HJ 212-2025 §8.1.1 d) 的规则处理：无法折算时传缺省类型最大值哨兵 9999.99；⚠️ 注意这是【规则对齐】，本项目出站报文体仍是内部简化格式，不是 HJ212 报文）: 标干 ts=2026-10-02 21:56:48 O2=6.4000 -> dust=5.1781 so2=20.5479 nox=38.0137
2026-10-02 14:56:52 [INFO] platform.subscriber_to_td: 折算值抽样（第 600 条，已按 HJ 212-2025 §8.1.1 d) 的规则处理：无法折算时传缺省类型最大值哨兵 9999.99；⚠️ 注意这是【规则对齐】，本项目出站报文体仍是内部简化格式，不是 HJ212 报文）: 标干 ts=2026-10-02 21:56:52 O2=6.5000 -> dust=5.1310 so2=20.6897 nox=39.1034
2026-10-02 14:56:56 [INFO] platform.subscriber_to_td: 折算值抽样（第 620 条，已按 HJ 212-2025 §8.1.1 d) 的规则处理：无法折算时传缺省类型最大值哨兵 9999.99；⚠️ 注意这是【规则对齐】，本项目出站报文体仍是内部简化格式，不是 HJ212 报文）: 标干 ts=2026-10-02 21:56:56 O2=6.4000 -> dust=5.0240 so2=20.5479 nox=39.6575
2026-10-02 14:57:00 [INFO] platform.subscriber_to_td: 折算值抽样（第 640 条，已按 HJ 212-2025 §8.1.1 d) 的规则处理：无法折算时传缺省类型最大值哨兵 9999.99；⚠️ 注意这是【规则对齐】，本项目出站报文体仍是内部简化格式，不是 HJ212 报文）: 标干 ts=2026-10-02 21:57:00 O2=6.4000 -> dust=4.9521 so2=20.5479 nox=40.4795
2026-10-02 14:57:04 [INFO] platform.subscriber_to_td: 折算值抽样（第 660 条，已按 HJ 212-2025 §8.1.1 d) 的规则处理：无法折算时传缺省类型最大值哨兵 9999.99；⚠️ 注意这是【规则对齐】，本项目出站报文体仍是内部简化格式，不是 HJ212 报文）: 标干 ts=2026-10-02 21:57:04 O2=6.4000 -> dust=4.8699 so2=20.5479 nox=41.4041
2026-10-02 14:57:09 [INFO] platform.subscriber_to_td: 折算值抽样（第 680 条，已按 HJ 212-2025 §8.1.1 d) 的规则处理：无法折算时传缺省类型最大值哨兵 9999.99；⚠️ 注意这是【规则对齐】，本项目出站报文体仍是内部简化格式，不是 HJ212 报文）: 标干 ts=2026-10-02 21:57:09 O2=6.4000 -> dust=4.7979 so2=20.5479 nox=42.2260
2026-10-02 14:57:13 [INFO] platform.subscriber_to_td: 折算值抽样（第 700 条，已按 HJ 212-2025 §8.1.1 d) 的规则处理：无法折算时传缺省类型最大值哨兵 9999.99；⚠️ 注意这是【规则对齐】，本项目出站报文体仍是内部简化格式，不是 HJ212 报文）: 标干 ts=2026-10-02 21:57:13 O2=6.5000 -> dust=4.7483 so2=20.6897 nox=43.3448
2026-10-02 14:57:17 [INFO] platform.subscriber_to_td: 折算值抽样（第 720 条，已按 HJ 212-2025 §8.1.1 d) 的规则处理：无法折算时传缺省类型最大值哨兵 9999.99；⚠️ 注意这是【规则对齐】，本项目出站报文体仍是内部简化格式，不是 HJ212 报文）: 标干 ts=2026-10-02 21:57:17 O2=6.5000 -> dust=4.6759 so2=20.6897 nox=44.1724
2026-10-02 14:57:21 [INFO] platform.subscriber_to_td: 折算值抽样（第 740 条，已按 HJ 212-2025 §8.1.1 d) 的规则处理：无法折算时传缺省类型最大值哨兵 9999.99；⚠️ 注意这是【规则对齐】，本项目出站报文体仍是内部简化格式，不是 HJ212 报文）: 标干 ts=2026-10-02 21:57:21 O2=6.5000 -> dust=4.6034 so2=20.6897 nox=45.0000
