2026-10-02 15:21:51 [INFO] platform.subscriber_to_td: 本实例负责: 主题 cems/loadtest/device9/data → 子表 loadtest_lt9（plant=loadtest, device=lt9）
2026-10-02 15:21:51 [INFO] platform.subscriber_to_td: TDengine 就绪: 库=cems, 超级表=cems_data
2026-10-02 15:21:51 [INFO] platform.subscriber_to_td: 告警表就绪: cems_alarm_event / cems_hourly_verdict / cems_alarm_push
2026-10-02 15:21:51 [WARNING] platform.subscriber_to_td: ALARM_ENABLE=0：本次不判超标（只入库、只算折算值）
2026-10-02 15:21:51 [INFO] platform.subscriber_to_td: 等待 MQTT 数据...（Ctrl+C 停止）
2026-10-02 15:21:52 [INFO] platform.subscriber_to_td: MQTT 已连接: 127.0.0.1:1883（会话恢复=True）
2026-10-02 15:21:52 [INFO] platform.subscriber_to_td: 已订阅主题: cems/loadtest/device9/data (QoS=1)
2026-10-02 15:21:52 [INFO] platform.subscriber_to_td: 折算值抽样（第 1 条，已按 HJ 212-2025 §8.1.1 d) 的规则处理：无法折算时传缺省类型最大值哨兵 9999.99；⚠️ 注意这是【规则对齐】，本项目出站报文体仍是内部简化格式，不是 HJ212 报文）: 标干 ts=2026-10-02 22:18:30 O2=5.6000 -> dust=3.2143 so2=22.9870 nox=23.9610
2026-10-02 15:21:52 [INFO] platform.subscriber_to_td: 折算值抽样（第 20 条，已按 HJ 212-2025 §8.1.1 d) 的规则处理：无法折算时传缺省类型最大值哨兵 9999.99；⚠️ 注意这是【规则对齐】，本项目出站报文体仍是内部简化格式，不是 HJ212 报文）: 标干 ts=2026-10-02 22:18:49 O2=5.5000 -> dust=3.1935 so2=22.5484 nox=23.4194
2026-10-02 15:21:53 [INFO] platform.subscriber_to_td: 折算值抽样（第 40 条，已按 HJ 212-2025 §8.1.1 d) 的规则处理：无法折算时传缺省类型最大值哨兵 9999.99；⚠️ 注意这是【规则对齐】，本项目出站报文体仍是内部简化格式，不是 HJ212 报文）: 标干 ts=2026-10-02 22:15:05 O2=5.4000 -> dust=3.2692 so2=22.7885 nox=23.8462
2026-10-02 15:21:53 [INFO] platform.subscriber_to_td: 折算值抽样（第 60 条，已按 HJ 212-2025 §8.1.1 d) 的规则处理：无法折算时传缺省类型最大值哨兵 9999.99；⚠️ 注意这是【规则对齐】，本项目出站报文体仍是内部简化格式，不是 HJ212 报文）: 标干 ts=2026-10-02 22:15:25 O2=5.5000 -> dust=3.1935 so2=22.5484 nox=23.4194
2026-10-02 15:21:53 [INFO] platform.subscriber_to_td: 折算值抽样（第 80 条，已按 HJ 212-2025 §8.1.1 d) 的规则处理：无法折算时传缺省类型最大值哨兵 9999.99；⚠️ 注意这是【规则对齐】，本项目出站报文体仍是内部简化格式，不是 HJ212 报文）: 标干 ts=2026-10-02 22:15:45 O2=5.5000 -> dust=3.1935 so2=22.2581 nox=23.0323
2026-10-02 15:21:53 [INFO] platform.subscriber_to_td: 折算值抽样（第 100 条，已按 HJ 212-2025 §8.1.1 d) 的规则处理：无法折算时传缺省类型最大值哨兵 9999.99；⚠️ 注意这是【规则对齐】，本项目出站报文体仍是内部简化格式，不是 HJ212 报文）: 标干 ts=2026-10-02 22:04:56 O2=5.5000 -> dust=3.1935 so2=22.5484 nox=23.5161
2026-10-02 15:21:53 [INFO] platform.subscriber_to_td: 折算值抽样（第 120 条，已按 HJ 212-2025 §8.1.1 d) 的规则处理：无法折算时传缺省类型最大值哨兵 9999.99；⚠️ 注意这是【规则对齐】，本项目出站报文体仍是内部简化格式，不是 HJ212 报文）: 标干 ts=2026-10-02 22:05:00 O2=5.5000 -> dust=3.0968 so2=22.1613 nox=22.9355
2026-10-02 15:21:54 [INFO] platform.subscriber_to_td: 折算值抽样（第 140 条，已按 HJ 212-2025 §8.1.1 d) 的规则处理：无法折算时传缺省类型最大值哨兵 9999.99；⚠️ 注意这是【规则对齐】，本项目出站报文体仍是内部简化格式，不是 HJ212 报文）: 标干 ts=2026-10-02 22:05:04 O2=5.4000 -> dust=3.1731 so2=22.4038 nox=23.2692
2026-10-02 15:21:54 [INFO] platform.subscriber_to_td: 折算值抽样（第 160 条，已按 HJ 212-2025 §8.1.1 d) 的规则处理：无法折算时传缺省类型最大值哨兵 9999.99；⚠️ 注意这是【规则对齐】，本项目出站报文体仍是内部简化格式，不是 HJ212 报文）: 标干 ts=2026-10-02 22:05:08 O2=5.4000 -> dust=3.2692 so2=22.8846 nox=23.9423
2026-10-02 15:21:54 [INFO] platform.subscriber_to_td: 折算值抽样（第 180 条，已按 HJ 212-2025 §8.1.1 d) 的规则处理：无法折算时传缺省类型最大值哨兵 9999.99；⚠️ 注意这是【规则对齐】，本项目出站报文体仍是内部简化格式，不是 HJ212 报文）: 标干 ts=2026-10-02 22:05:12 O2=5.5000 -> dust=3.1935 so2=22.7419 nox=23.7097
2026-10-02 15:21:54 [INFO] platform.subscriber_to_td: 折算值抽样（第 200 条，已按 HJ 212-2025 §8.1.1 d) 的规则处理：无法折算时传缺省类型最大值哨兵 9999.99；⚠️ 注意这是【规则对齐】，本项目出站报文体仍是内部简化格式，不是 HJ212 报文）: 标干 ts=2026-10-02 22:05:16 O2=5.5000 -> dust=3.0968 so2=22.2581 nox=22.9355
2026-10-02 15:21:54 [INFO] platform.subscriber_to_td: 折算值抽样（第 220 条，已按 HJ 212-2025 §8.1.1 d) 的规则处理：无法折算时传缺省类型最大值哨兵 9999.99；⚠️ 注意这是【规则对齐】，本项目出站报文体仍是内部简化格式，不是 HJ212 报文）: 标干 ts=2026-10-02 22:05:20 O2=5.3000 -> dust=3.1529 so2=22.1656 nox=22.9299
2026-10-02 15:21:54 [INFO] platform.subscriber_to_td: 折算值抽样（第 240 条，已按 HJ 212-2025 §8.1.1 d) 的规则处理：无法折算时传缺省类型最大值哨兵 9999.99；⚠️ 注意这是【规则对齐】，本项目出站报文体仍是内部简化格式，不是 HJ212 报文）: 标干 ts=2026-10-02 22:06:15 O2=5.5000 -> dust=3.2903 so2=22.9355 nox=24.0000
2026-10-02 15:21:54 [INFO] platform.subscriber_to_td: 折算值抽样（第 260 条，已按 HJ 212-2025 §8.1.1 d) 的规则处理：无法折算时传缺省类型最大值哨兵 9999.99；⚠️ 注意这是【规则对齐】，本项目出站报文体仍是内部简化格式，不是 HJ212 报文）: 标干 ts=2026-10-02 22:06:19 O2=5.4000 -> dust=3.1731 so2=22.6923 nox=23.7500
2026-10-02 15:21:54 [INFO] platform.subscriber_to_td: 折算值抽样（第 280 条，已按 HJ 212-2025 §8.1.1 d) 的规则处理：无法折算时传缺省类型最大值哨兵 9999.99；⚠️ 注意这是【规则对齐】，本项目出站报文体仍是内部简化格式，不是 HJ212 报文）: 标干 ts=2026-10-02 22:06:23 O2=5.3000 -> dust=3.1529 so2=21.9745 nox=22.8344
2026-10-02 15:21:54 [INFO] platform.subscriber_to_td: 折算值抽样（第 300 条，已按 HJ 212-2025 §8.1.1 d) 的规则处理：无法折算时传缺省类型最大值哨兵 9999.99；⚠️ 注意这是【规则对齐】，本项目出站报文体仍是内部简化格式，不是 HJ212 报文）: 标干 ts=2026-10-02 22:06:27 O2=5.5000 -> dust=3.1935 so2=22.3548 nox=23.1290
2026-10-02 15:21:54 [INFO] platform.subscriber_to_td: 折算值抽样（第 320 条，已按 HJ 212-2025 §8.1.1 d) 的规则处理：无法折算时传缺省类型最大值哨兵 9999.99；⚠️ 注意这是【规则对齐】，本项目出站报文体仍是内部简化格式，不是 HJ212 报文）: 标干 ts=2026-10-02 22:06:31 O2=5.5000 -> dust=3.1935 so2=22.8387 nox=23.9032
2026-10-02 15:21:54 [INFO] platform.subscriber_to_td: 折算值抽样（第 340 条，已按 HJ 212-2025 §8.1.1 d) 的规则处理：无法折算时传缺省类型最大值哨兵 9999.99；⚠️ 注意这是【规则对齐】，本项目出站报文体仍是内部简化格式，不是 HJ212 报文）: 标干 ts=2026-10-02 22:06:35 O2=5.4000 -> dust=3.2692 so2=22.7885 nox=23.8462
2026-10-02 15:21:54 [INFO] platform.subscriber_to_td: 折算值抽样（第 360 条，已按 HJ 212-2025 §8.1.1 d) 的规则处理：无法折算时传缺省类型最大值哨兵 9999.99；⚠️ 注意这是【规则对齐】，本项目出站报文体仍是内部简化格式，不是 HJ212 报文）: 标干 ts=2026-10-02 22:06:39 O2=5.3000 -> dust=3.1529 so2=22.1656 nox=22.9299
2026-10-02 15:21:55 [INFO] platform.subscriber_to_td: 折算值抽样（第 380 条，已按 HJ 212-2025 §8.1.1 d) 的规则处理：无法折算时传缺省类型最大值哨兵 9999.99；⚠️ 注意这是【规则对齐】，本项目出站报文体仍是内部简化格式，不是 HJ212 报文）: 标干 ts=2026-10-02 22:06:43 O2=5.5000 -> dust=3.0968 so2=22.2581 nox=23.0323
2026-10-02 15:21:55 [INFO] platform.subscriber_to_td: 折算值抽样（第 400 条，已按 HJ 212-2025 §8.1.1 d) 的规则处理：无法折算时传缺省类型最大值哨兵 9999.99；⚠️ 注意这是【规则对齐】，本项目出站报文体仍是内部简化格式，不是 HJ212 报文）: 标干 ts=2026-10-02 21:44:43 O2=5.4000 -> dust=3.1731 so2=22.5000 nox=23.4615
2026-10-02 15:21:55 [INFO] platform.subscriber_to_td: 折算值抽样（第 420 条，已按 HJ 212-2025 §8.1.1 d) 的规则处理：无法折算时传缺省类型最大值哨兵 9999.99；⚠️ 注意这是【规则对齐】，本项目出站报文体仍是内部简化格式，不是 HJ212 报文）: 标干 ts=2026-10-02 22:19:47 O2=5.6000 -> dust=3.2143 so2=22.7922 nox=23.7662
2026-10-02 15:21:55 [INFO] platform.subscriber_to_td: 折算值抽样（第 440 条，已按 HJ 212-2025 §8.1.1 d) 的规则处理：无法折算时传缺省类型最大值哨兵 9999.99；⚠️ 注意这是【规则对齐】，本项目出站报文体仍是内部简化格式，不是 HJ212 报文）: 标干 ts=2026-10-02 22:19:51 O2=5.4000 -> dust=3.2692 so2=22.9808 nox=24.0385
2026-10-02 15:21:55 [INFO] platform.subscriber_to_td: 折算值抽样（第 460 条，已按 HJ 212-2025 §8.1.1 d) 的规则处理：无法折算时传缺省类型最大值哨兵 9999.99；⚠️ 注意这是【规则对齐】，本项目出站报文体仍是内部简化格式，不是 HJ212 报文）: 标干 ts=2026-10-02 22:19:55 O2=5.4000 -> dust=3.1731 so2=22.6923 nox=23.6538
2026-10-02 15:21:55 [INFO] platform.subscriber_to_td: 折算值抽样（第 480 条，已按 HJ 212-2025 §8.1.1 d) 的规则处理：无法折算时传缺省类型最大值哨兵 9999.99；⚠️ 注意这是【规则对齐】，本项目出站报文体仍是内部简化格式，不是 HJ212 报文）: 标干 ts=2026-10-02 22:19:59 O2=5.5000 -> dust=3.1935 so2=22.3548 nox=23.1290
2026-10-02 15:21:55 [INFO] platform.subscriber_to_td: 折算值抽样（第 500 条，已按 HJ 212-2025 §8.1.1 d) 的规则处理：无法折算时传缺省类型最大值哨兵 9999.99；⚠️ 注意这是【规则对齐】，本项目出站报文体仍是内部简化格式，不是 HJ212 报文）: 标干 ts=2026-10-02 22:20:03 O2=5.6000 -> dust=3.2143 so2=22.6948 nox=23.5714
2026-10-02 15:21:55 [INFO] platform.subscriber_to_td: 折算值抽样（第 520 条，已按 HJ 212-2025 §8.1.1 d) 的规则处理：无法折算时传缺省类型最大值哨兵 9999.99；⚠️ 注意这是【规则对齐】，本项目出站报文体仍是内部简化格式，不是 HJ212 报文）: 标干 ts=2026-10-02 22:20:07 O2=5.4000 -> dust=3.2692 so2=22.8846 nox=24.0385
2026-10-02 15:21:55 [INFO] platform.subscriber_to_td: 折算值抽样（第 540 条，已按 HJ 212-2025 §8.1.1 d) 的规则处理：无法折算时传缺省类型最大值哨兵 9999.99；⚠️ 注意这是【规则对齐】，本项目出站报文体仍是内部简化格式，不是 HJ212 报文）: 标干 ts=2026-10-02 22:20:11 O2=5.4000 -> dust=3.2692 so2=22.7885 nox=23.8462
2026-10-02 15:21:55 [INFO] platform.subscriber_to_td: 折算值抽样（第 560 条，已按 HJ 212-2025 §8.1.1 d) 的规则处理：无法折算时传缺省类型最大值哨兵 9999.99；⚠️ 注意这是【规则对齐】，本项目出站报文体仍是内部简化格式，不是 HJ212 报文）: 标干 ts=2026-10-02 22:16:13 O2=5.5000 -> dust=3.2903 so2=22.9355 nox=24.0000
2026-10-02 15:21:56 [INFO] platform.subscriber_to_td: 折算值抽样（第 580 条，已按 HJ 212-2025 §8.1.1 d) 的规则处理：无法折算时传缺省类型最大值哨兵 9999.99；⚠️ 注意这是【规则对齐】，本项目出站报文体仍是内部简化格式，不是 HJ212 报文）: 标干 ts=2026-10-02 22:21:07 O2=5.5000 -> dust=3.1935 so2=22.3548 nox=23.1290
2026-10-02 15:21:56 [INFO] platform.subscriber_to_td: 折算值抽样（第 600 条，已按 HJ 212-2025 §8.1.1 d) 的规则处理：无法折算时传缺省类型最大值哨兵 9999.99；⚠️ 注意这是【规则对齐】，本项目出站报文体仍是内部简化格式，不是 HJ212 报文）: 标干 ts=2026-10-02 22:21:27 O2=5.4000 -> dust=3.1731 so2=22.3077 nox=23.0769
2026-10-02 15:21:56 [INFO] platform.subscriber_to_td: 折算值抽样（第 620 条，已按 HJ 212-2025 §8.1.1 d) 的规则处理：无法折算时传缺省类型最大值哨兵 9999.99；⚠️ 注意这是【规则对齐】，本项目出站报文体仍是内部简化格式，不是 HJ212 报文）: 标干 ts=2026-10-02 22:07:24 O2=5.3000 -> dust=3.2484 so2=22.7389 nox=23.7898
2026-10-02 15:21:56 [INFO] platform.subscriber_to_td: 折算值抽样（第 640 条，已按 HJ 212-2025 §8.1.1 d) 的规则处理：无法折算时传缺省类型最大值哨兵 9999.99；⚠️ 注意这是【规则对齐】，本项目出站报文体仍是内部简化格式，不是 HJ212 报文）: 标干 ts=2026-10-02 22:07:28 O2=5.5000 -> dust=3.1935 so2=22.7419 nox=23.7097
2026-10-02 15:21:56 [INFO] platform.subscriber_to_td: 折算值抽样（第 660 条，已按 HJ 212-2025 §8.1.1 d) 的规则处理：无法折算时传缺省类型最大值哨兵 9999.99；⚠️ 注意这是【规则对齐】，本项目出站报文体仍是内部简化格式，不是 HJ212 报文）: 标干 ts=2026-10-02 22:07:32 O2=5.5000 -> dust=3.0968 so2=22.2581 nox=23.0323
2026-10-02 15:21:56 [INFO] platform.subscriber_to_td: 折算值抽样（第 680 条，已按 HJ 212-2025 §8.1.1 d) 的规则处理：无法折算时传缺省类型最大值哨兵 9999.99；⚠️ 注意这是【规则对齐】，本项目出站报文体仍是内部简化格式，不是 HJ212 报文）: 标干 ts=2026-10-02 22:07:36 O2=5.4000 -> dust=3.1731 so2=22.3077 nox=23.1731
2026-10-02 15:21:56 [INFO] platform.subscriber_to_td: 折算值抽样（第 700 条，已按 HJ 212-2025 §8.1.1 d) 的规则处理：无法折算时传缺省类型最大值哨兵 9999.99；⚠️ 注意这是【规则对齐】，本项目出站报文体仍是内部简化格式，不是 HJ212 报文）: 标干 ts=2026-10-02 22:07:40 O2=5.3000 -> dust=3.2484 so2=22.6433 nox=23.6943
2026-10-02 15:21:56 [INFO] platform.subscriber_to_td: 折算值抽样（第 720 条，已按 HJ 212-2025 §8.1.1 d) 的规则处理：无法折算时传缺省类型最大值哨兵 9999.99；⚠️ 注意这是【规则对齐】，本项目出站报文体仍是内部简化格式，不是 HJ212 报文）: 标干 ts=2026-10-02 22:07:44 O2=5.5000 -> dust=3.1935 so2=22.8387 nox=23.9032
2026-10-02 15:21:56 [INFO] platform.subscriber_to_td: 折算值抽样（第 740 条，已按 HJ 212-2025 §8.1.1 d) 的规则处理：无法折算时传缺省类型最大值哨兵 9999.99；⚠️ 注意这是【规则对齐】，本项目出站报文体仍是内部简化格式，不是 HJ212 报文）: 标干 ts=2026-10-02 22:07:48 O2=5.5000 -> dust=3.1935 so2=22.2581 nox=23.1290
2026-10-02 15:21:57 [INFO] platform.subscriber_to_td: 折算值抽样（第 760 条，已按 HJ 212-2025 §8.1.1 d) 的规则处理：无法折算时传缺省类型最大值哨兵 9999.99；⚠️ 注意这是【规则对齐】，本项目出站报文体仍是内部简化格式，不是 HJ212 报文）: 标干 ts=2026-10-02 22:08:33 O2=5.5000 -> dust=3.2903 so2=23.0323 nox=24.0968
2026-10-02 15:21:57 [INFO] platform.subscriber_to_td: 折算值抽样（第 780 条，已按 HJ 212-2025 §8.1.1 d) 的规则处理：无法折算时传缺省类型最大值哨兵 9999.99；⚠️ 注意这是【规则对齐】，本项目出站报文体仍是内部简化格式，不是 HJ212 报文）: 标干 ts=2026-10-02 22:08:37 O2=5.4000 -> dust=3.1731 so2=22.4038 nox=23.2692
2026-10-02 15:21:57 [INFO] platform.subscriber_to_td: 折算值抽样（第 800 条，已按 HJ 212-2025 §8.1.1 d) 的规则处理：无法折算时传缺省类型最大值哨兵 9999.99；⚠️ 注意这是【规则对齐】，本项目出站报文体仍是内部简化格式，不是 HJ212 报文）: 标干 ts=2026-10-02 22:08:41 O2=5.3000 -> dust=3.0573 so2=21.9745 nox=22.6433
2026-10-02 15:21:57 [INFO] platform.subscriber_to_td: 折算值抽样（第 820 条，已按 HJ 212-2025 §8.1.1 d) 的规则处理：无法折算时传缺省类型最大值哨兵 9999.99；⚠️ 注意这是【规则对齐】，本项目出站报文体仍是内部简化格式，不是 HJ212 报文）: 标干 ts=2026-10-02 22:08:45 O2=5.5000 -> dust=3.1935 so2=22.6452 nox=23.5161
2026-10-02 15:21:57 [INFO] platform.subscriber_to_td: 折算值抽样（第 840 条，已按 HJ 212-2025 §8.1.1 d) 的规则处理：无法折算时传缺省类型最大值哨兵 9999.99；⚠️ 注意这是【规则对齐】，本项目出站报文体仍是内部简化格式，不是 HJ212 报文）: 标干 ts=2026-10-02 22:08:49 O2=5.5000 -> dust=3.2903 so2=23.0323 nox=24.0968
2026-10-02 15:21:57 [INFO] platform.subscriber_to_td: 折算值抽样（第 860 条，已按 HJ 212-2025 §8.1.1 d) 的规则处理：无法折算时传缺省类型最大值哨兵 9999.99；⚠️ 注意这是【规则对齐】，本项目出站报文体仍是内部简化格式，不是 HJ212 报文）: 标干 ts=2026-10-02 22:08:53 O2=5.4000 -> dust=3.1731 so2=22.5962 nox=23.5577
2026-10-02 15:21:57 [INFO] platform.subscriber_to_td: 折算值抽样（第 880 条，已按 HJ 212-2025 §8.1.1 d) 的规则处理：无法折算时传缺省类型最大值哨兵 9999.99；⚠️ 注意这是【规则对齐】，本项目出站报文体仍是内部简化格式，不是 HJ212 报文）: 标干 ts=2026-10-02 22:08:57 O2=5.3000 -> dust=3.0573 so2=21.9745 nox=22.7389
2026-10-02 15:21:57 [INFO] platform.subscriber_to_td: 折算值抽样（第 900 条，已按 HJ 212-2025 §8.1.1 d) 的规则处理：无法折算时传缺省类型最大值哨兵 9999.99；⚠️ 注意这是【规则对齐】，本项目出站报文体仍是内部简化格式，不是 HJ212 报文）: 标干 ts=2026-10-02 22:09:01 O2=5.5000 -> dust=3.1935 so2=22.4516 nox=23.3226
