2026-10-02 14:51:29 [INFO] platform.subscriber_to_td: 本实例负责: 主题 cems/loadtest/gw/device4/data → 子表 loadtest_lt4（plant=loadtest, device=lt4）
2026-10-02 14:51:29 [INFO] platform.subscriber_to_td: TDengine 就绪: 库=cems, 超级表=cems_data
2026-10-02 14:51:29 [INFO] platform.subscriber_to_td: 告警表就绪: cems_alarm_event / cems_hourly_verdict / cems_alarm_push
2026-10-02 14:51:29 [WARNING] platform.subscriber_to_td: ALARM_ENABLE=0：本次不判超标（只入库、只算折算值）
2026-10-02 14:51:29 [INFO] platform.subscriber_to_td: 等待 MQTT 数据...（Ctrl+C 停止）
2026-10-02 14:51:29 [INFO] platform.subscriber_to_td: MQTT 已连接: 127.0.0.1:1883（会话恢复=False）
2026-10-02 14:51:29 [INFO] platform.subscriber_to_td: 已订阅主题: cems/loadtest/gw/device4/data (QoS=1)
2026-10-02 14:51:31 [INFO] platform.subscriber_to_td: 折算值抽样（第 1 条，已按 HJ 212-2025 §8.1.1 d) 的规则处理：无法折算时传缺省类型最大值哨兵 9999.99；⚠️ 注意这是【规则对齐】，本项目出站报文体仍是内部简化格式，不是 HJ212 报文）: 标干 ts=2026-10-02 21:51:31 O2=6.5000 -> dust=2.9897 so2=20.7931 nox=33.7241
2026-10-02 14:51:32 [INFO] platform.subscriber_to_td: 折算值抽样（第 20 条，已按 HJ 212-2025 §8.1.1 d) 的规则处理：无法折算时传缺省类型最大值哨兵 9999.99；⚠️ 注意这是【规则对齐】，本项目出站报文体仍是内部简化格式，不是 HJ212 报文）: 标干 ts=2026-10-02 21:51:32 O2=6.6000 -> dust=3.0104 so2=20.9375 nox=33.9583
2026-10-02 14:51:33 [INFO] platform.subscriber_to_td: 折算值抽样（第 40 条，已按 HJ 212-2025 §8.1.1 d) 的规则处理：无法折算时传缺省类型最大值哨兵 9999.99；⚠️ 注意这是【规则对齐】，本项目出站报文体仍是内部简化格式，不是 HJ212 报文）: 标干 ts=2026-10-02 21:51:33 O2=6.5000 -> dust=2.9897 so2=20.7931 nox=33.7241
2026-10-02 14:51:34 [INFO] platform.subscriber_to_td: 折算值抽样（第 60 条，已按 HJ 212-2025 §8.1.1 d) 的规则处理：无法折算时传缺省类型最大值哨兵 9999.99；⚠️ 注意这是【规则对齐】，本项目出站报文体仍是内部简化格式，不是 HJ212 报文）: 标干 ts=2026-10-02 21:51:34 O2=6.5000 -> dust=2.9897 so2=20.7931 nox=33.7241
2026-10-02 14:51:35 [INFO] platform.subscriber_to_td: 折算值抽样（第 80 条，已按 HJ 212-2025 §8.1.1 d) 的规则处理：无法折算时传缺省类型最大值哨兵 9999.99；⚠️ 注意这是【规则对齐】，本项目出站报文体仍是内部简化格式，不是 HJ212 报文）: 标干 ts=2026-10-02 21:51:35 O2=6.5000 -> dust=2.9897 so2=20.7931 nox=33.7241
2026-10-02 14:51:36 [INFO] platform.subscriber_to_td: 折算值抽样（第 100 条，已按 HJ 212-2025 §8.1.1 d) 的规则处理：无法折算时传缺省类型最大值哨兵 9999.99；⚠️ 注意这是【规则对齐】，本项目出站报文体仍是内部简化格式，不是 HJ212 报文）: 标干 ts=2026-10-02 21:51:36 O2=6.5000 -> dust=2.9897 so2=20.7931 nox=33.7241
2026-10-02 14:51:38 [INFO] platform.subscriber_to_td: 折算值抽样（第 120 条，已按 HJ 212-2025 §8.1.1 d) 的规则处理：无法折算时传缺省类型最大值哨兵 9999.99；⚠️ 注意这是【规则对齐】，本项目出站报文体仍是内部简化格式，不是 HJ212 报文）: 标干 ts=2026-10-02 21:51:38 O2=6.5000 -> dust=2.9897 so2=20.7931 nox=33.7241
2026-10-02 14:51:39 [INFO] platform.subscriber_to_td: 折算值抽样（第 140 条，已按 HJ 212-2025 §8.1.1 d) 的规则处理：无法折算时传缺省类型最大值哨兵 9999.99；⚠️ 注意这是【规则对齐】，本项目出站报文体仍是内部简化格式，不是 HJ212 报文）: 标干 ts=2026-10-02 21:51:39 O2=6.5000 -> dust=2.9897 so2=20.7931 nox=33.7241
2026-10-02 14:51:40 [INFO] platform.subscriber_to_td: 折算值抽样（第 160 条，已按 HJ 212-2025 §8.1.1 d) 的规则处理：无法折算时传缺省类型最大值哨兵 9999.99；⚠️ 注意这是【规则对齐】，本项目出站报文体仍是内部简化格式，不是 HJ212 报文）: 标干 ts=2026-10-02 21:51:40 O2=6.4000 -> dust=2.9692 so2=20.6507 nox=33.4932
2026-10-02 14:51:41 [INFO] platform.subscriber_to_td: 折算值抽样（第 180 条，已按 HJ 212-2025 §8.1.1 d) 的规则处理：无法折算时传缺省类型最大值哨兵 9999.99；⚠️ 注意这是【规则对齐】，本项目出站报文体仍是内部简化格式，不是 HJ212 报文）: 标干 ts=2026-10-02 21:51:41 O2=6.4000 -> dust=2.9692 so2=20.6507 nox=33.4932
2026-10-02 14:51:42 [INFO] platform.subscriber_to_td: 折算值抽样（第 200 条，已按 HJ 212-2025 §8.1.1 d) 的规则处理：无法折算时传缺省类型最大值哨兵 9999.99；⚠️ 注意这是【规则对齐】，本项目出站报文体仍是内部简化格式，不是 HJ212 报文）: 标干 ts=2026-10-02 21:51:42 O2=6.5000 -> dust=2.9897 so2=20.7931 nox=33.7241
2026-10-02 14:51:43 [INFO] platform.subscriber_to_td: 折算值抽样（第 220 条，已按 HJ 212-2025 §8.1.1 d) 的规则处理：无法折算时传缺省类型最大值哨兵 9999.99；⚠️ 注意这是【规则对齐】，本项目出站报文体仍是内部简化格式，不是 HJ212 报文）: 标干 ts=2026-10-02 21:51:43 O2=6.5000 -> dust=2.9897 so2=20.7931 nox=33.7241
2026-10-02 14:51:44 [INFO] platform.subscriber_to_td: 折算值抽样（第 240 条，已按 HJ 212-2025 §8.1.1 d) 的规则处理：无法折算时传缺省类型最大值哨兵 9999.99；⚠️ 注意这是【规则对齐】，本项目出站报文体仍是内部简化格式，不是 HJ212 报文）: 标干 ts=2026-10-02 21:51:44 O2=6.4000 -> dust=2.9692 so2=20.6507 nox=33.4932
2026-10-02 14:51:45 [INFO] platform.subscriber_to_td: 折算值抽样（第 260 条，已按 HJ 212-2025 §8.1.1 d) 的规则处理：无法折算时传缺省类型最大值哨兵 9999.99；⚠️ 注意这是【规则对齐】，本项目出站报文体仍是内部简化格式，不是 HJ212 报文）: 标干 ts=2026-10-02 21:51:45 O2=6.4000 -> dust=2.9692 so2=20.6507 nox=33.4932
2026-10-02 14:51:46 [INFO] platform.subscriber_to_td: 折算值抽样（第 280 条，已按 HJ 212-2025 §8.1.1 d) 的规则处理：无法折算时传缺省类型最大值哨兵 9999.99；⚠️ 注意这是【规则对齐】，本项目出站报文体仍是内部简化格式，不是 HJ212 报文）: 标干 ts=2026-10-02 21:51:46 O2=6.4000 -> dust=2.9692 so2=20.6507 nox=33.4932
2026-10-02 14:51:47 [INFO] platform.subscriber_to_td: 折算值抽样（第 300 条，已按 HJ 212-2025 §8.1.1 d) 的规则处理：无法折算时传缺省类型最大值哨兵 9999.99；⚠️ 注意这是【规则对齐】，本项目出站报文体仍是内部简化格式，不是 HJ212 报文）: 标干 ts=2026-10-02 21:51:47 O2=6.5000 -> dust=2.9897 so2=20.7931 nox=33.7241
2026-10-02 14:51:49 [INFO] platform.subscriber_to_td: 折算值抽样（第 320 条，已按 HJ 212-2025 §8.1.1 d) 的规则处理：无法折算时传缺省类型最大值哨兵 9999.99；⚠️ 注意这是【规则对齐】，本项目出站报文体仍是内部简化格式，不是 HJ212 报文）: 标干 ts=2026-10-02 21:51:49 O2=6.5000 -> dust=2.9897 so2=20.7931 nox=33.7241
2026-10-02 14:51:50 [INFO] platform.subscriber_to_td: 折算值抽样（第 340 条，已按 HJ 212-2025 §8.1.1 d) 的规则处理：无法折算时传缺省类型最大值哨兵 9999.99；⚠️ 注意这是【规则对齐】，本项目出站报文体仍是内部简化格式，不是 HJ212 报文）: 标干 ts=2026-10-02 21:51:50 O2=6.5000 -> dust=2.9897 so2=20.7931 nox=33.7241
2026-10-02 14:51:51 [INFO] platform.subscriber_to_td: 折算值抽样（第 360 条，已按 HJ 212-2025 §8.1.1 d) 的规则处理：无法折算时传缺省类型最大值哨兵 9999.99；⚠️ 注意这是【规则对齐】，本项目出站报文体仍是内部简化格式，不是 HJ212 报文）: 标干 ts=2026-10-02 21:51:51 O2=6.5000 -> dust=2.9897 so2=20.7931 nox=33.7241
2026-10-02 14:51:52 [INFO] platform.subscriber_to_td: 折算值抽样（第 380 条，已按 HJ 212-2025 §8.1.1 d) 的规则处理：无法折算时传缺省类型最大值哨兵 9999.99；⚠️ 注意这是【规则对齐】，本项目出站报文体仍是内部简化格式，不是 HJ212 报文）: 标干 ts=2026-10-02 21:51:52 O2=6.4000 -> dust=2.9692 so2=20.6507 nox=33.4932
2026-10-02 14:51:53 [INFO] platform.subscriber_to_td: 折算值抽样（第 400 条，已按 HJ 212-2025 §8.1.1 d) 的规则处理：无法折算时传缺省类型最大值哨兵 9999.99；⚠️ 注意这是【规则对齐】，本项目出站报文体仍是内部简化格式，不是 HJ212 报文）: 标干 ts=2026-10-02 21:51:53 O2=6.4000 -> dust=2.9692 so2=20.6507 nox=33.4932
2026-10-02 14:51:54 [INFO] platform.subscriber_to_td: 折算值抽样（第 420 条，已按 HJ 212-2025 §8.1.1 d) 的规则处理：无法折算时传缺省类型最大值哨兵 9999.99；⚠️ 注意这是【规则对齐】，本项目出站报文体仍是内部简化格式，不是 HJ212 报文）: 标干 ts=2026-10-02 21:51:54 O2=6.5000 -> dust=2.9897 so2=20.7931 nox=33.7241
2026-10-02 14:51:55 [INFO] platform.subscriber_to_td: 折算值抽样（第 440 条，已按 HJ 212-2025 §8.1.1 d) 的规则处理：无法折算时传缺省类型最大值哨兵 9999.99；⚠️ 注意这是【规则对齐】，本项目出站报文体仍是内部简化格式，不是 HJ212 报文）: 标干 ts=2026-10-02 21:51:55 O2=6.4000 -> dust=2.9692 so2=20.6507 nox=33.4932
2026-10-02 14:51:56 [INFO] platform.subscriber_to_td: 折算值抽样（第 460 条，已按 HJ 212-2025 §8.1.1 d) 的规则处理：无法折算时传缺省类型最大值哨兵 9999.99；⚠️ 注意这是【规则对齐】，本项目出站报文体仍是内部简化格式，不是 HJ212 报文）: 标干 ts=2026-10-02 21:51:56 O2=6.4000 -> dust=2.9692 so2=20.6507 nox=33.4932
2026-10-02 14:51:57 [INFO] platform.subscriber_to_td: 折算值抽样（第 480 条，已按 HJ 212-2025 §8.1.1 d) 的规则处理：无法折算时传缺省类型最大值哨兵 9999.99；⚠️ 注意这是【规则对齐】，本项目出站报文体仍是内部简化格式，不是 HJ212 报文）: 标干 ts=2026-10-02 21:51:57 O2=6.4000 -> dust=2.9692 so2=20.6507 nox=33.4932
2026-10-02 14:51:58 [INFO] platform.subscriber_to_td: 折算值抽样（第 500 条，已按 HJ 212-2025 §8.1.1 d) 的规则处理：无法折算时传缺省类型最大值哨兵 9999.99；⚠️ 注意这是【规则对齐】，本项目出站报文体仍是内部简化格式，不是 HJ212 报文）: 标干 ts=2026-10-02 21:51:58 O2=6.4000 -> dust=2.9692 so2=20.6507 nox=33.4932
2026-10-02 14:52:00 [INFO] platform.subscriber_to_td: 折算值抽样（第 520 条，已按 HJ 212-2025 §8.1.1 d) 的规则处理：无法折算时传缺省类型最大值哨兵 9999.99；⚠️ 注意这是【规则对齐】，本项目出站报文体仍是内部简化格式，不是 HJ212 报文）: 标干 ts=2026-10-02 21:52:00 O2=6.4000 -> dust=2.9692 so2=20.6507 nox=33.4932
2026-10-02 14:52:01 [INFO] platform.subscriber_to_td: 折算值抽样（第 540 条，已按 HJ 212-2025 §8.1.1 d) 的规则处理：无法折算时传缺省类型最大值哨兵 9999.99；⚠️ 注意这是【规则对齐】，本项目出站报文体仍是内部简化格式，不是 HJ212 报文）: 标干 ts=2026-10-02 21:52:01 O2=6.4000 -> dust=2.9692 so2=20.6507 nox=33.4932
2026-10-02 14:52:02 [INFO] platform.subscriber_to_td: 折算值抽样（第 560 条，已按 HJ 212-2025 §8.1.1 d) 的规则处理：无法折算时传缺省类型最大值哨兵 9999.99；⚠️ 注意这是【规则对齐】，本项目出站报文体仍是内部简化格式，不是 HJ212 报文）: 标干 ts=2026-10-02 21:52:02 O2=6.4000 -> dust=2.9692 so2=20.6507 nox=33.4932
2026-10-02 14:52:03 [INFO] platform.subscriber_to_td: 折算值抽样（第 580 条，已按 HJ 212-2025 §8.1.1 d) 的规则处理：无法折算时传缺省类型最大值哨兵 9999.99；⚠️ 注意这是【规则对齐】，本项目出站报文体仍是内部简化格式，不是 HJ212 报文）: 标干 ts=2026-10-02 21:52:03 O2=6.4000 -> dust=2.9692 so2=20.6507 nox=33.4932
2026-10-02 14:52:04 [INFO] platform.subscriber_to_td: 折算值抽样（第 600 条，已按 HJ 212-2025 §8.1.1 d) 的规则处理：无法折算时传缺省类型最大值哨兵 9999.99；⚠️ 注意这是【规则对齐】，本项目出站报文体仍是内部简化格式，不是 HJ212 报文）: 标干 ts=2026-10-02 21:52:04 O2=6.4000 -> dust=2.9692 so2=20.6507 nox=33.4932
2026-10-02 14:52:05 [INFO] platform.subscriber_to_td: 折算值抽样（第 620 条，已按 HJ 212-2025 §8.1.1 d) 的规则处理：无法折算时传缺省类型最大值哨兵 9999.99；⚠️ 注意这是【规则对齐】，本项目出站报文体仍是内部简化格式，不是 HJ212 报文）: 标干 ts=2026-10-02 21:52:05 O2=6.4000 -> dust=2.9692 so2=20.6507 nox=33.4932
2026-10-02 14:52:06 [INFO] platform.subscriber_to_td: 折算值抽样（第 640 条，已按 HJ 212-2025 §8.1.1 d) 的规则处理：无法折算时传缺省类型最大值哨兵 9999.99；⚠️ 注意这是【规则对齐】，本项目出站报文体仍是内部简化格式，不是 HJ212 报文）: 标干 ts=2026-10-02 21:52:06 O2=6.4000 -> dust=2.9692 so2=20.6507 nox=33.4932
2026-10-02 14:52:07 [INFO] platform.subscriber_to_td: 折算值抽样（第 660 条，已按 HJ 212-2025 §8.1.1 d) 的规则处理：无法折算时传缺省类型最大值哨兵 9999.99；⚠️ 注意这是【规则对齐】，本项目出站报文体仍是内部简化格式，不是 HJ212 报文）: 标干 ts=2026-10-02 21:52:07 O2=6.4000 -> dust=2.9692 so2=20.6507 nox=33.4932
2026-10-02 14:52:08 [INFO] platform.subscriber_to_td: 折算值抽样（第 680 条，已按 HJ 212-2025 §8.1.1 d) 的规则处理：无法折算时传缺省类型最大值哨兵 9999.99；⚠️ 注意这是【规则对齐】，本项目出站报文体仍是内部简化格式，不是 HJ212 报文）: 标干 ts=2026-10-02 21:52:08 O2=6.4000 -> dust=2.9692 so2=20.6507 nox=33.4932
2026-10-02 14:52:09 [INFO] platform.subscriber_to_td: 折算值抽样（第 700 条，已按 HJ 212-2025 §8.1.1 d) 的规则处理：无法折算时传缺省类型最大值哨兵 9999.99；⚠️ 注意这是【规则对齐】，本项目出站报文体仍是内部简化格式，不是 HJ212 报文）: 标干 ts=2026-10-02 21:52:09 O2=6.5000 -> dust=3.0000 so2=20.7931 nox=33.7241
2026-10-02 14:52:11 [INFO] platform.subscriber_to_td: 折算值抽样（第 720 条，已按 HJ 212-2025 §8.1.1 d) 的规则处理：无法折算时传缺省类型最大值哨兵 9999.99；⚠️ 注意这是【规则对齐】，本项目出站报文体仍是内部简化格式，不是 HJ212 报文）: 标干 ts=2026-10-02 21:52:11 O2=6.5000 -> dust=3.0000 so2=20.7931 nox=33.7241
2026-10-02 14:52:12 [INFO] platform.subscriber_to_td: 折算值抽样（第 740 条，已按 HJ 212-2025 §8.1.1 d) 的规则处理：无法折算时传缺省类型最大值哨兵 9999.99；⚠️ 注意这是【规则对齐】，本项目出站报文体仍是内部简化格式，不是 HJ212 报文）: 标干 ts=2026-10-02 21:52:12 O2=6.4000 -> dust=2.9692 so2=20.6507 nox=33.4932
2026-10-02 14:52:13 [INFO] platform.subscriber_to_td: 折算值抽样（第 760 条，已按 HJ 212-2025 §8.1.1 d) 的规则处理：无法折算时传缺省类型最大值哨兵 9999.99；⚠️ 注意这是【规则对齐】，本项目出站报文体仍是内部简化格式，不是 HJ212 报文）: 标干 ts=2026-10-02 21:52:13 O2=6.4000 -> dust=2.9692 so2=20.6507 nox=33.4932
2026-10-02 14:52:14 [INFO] platform.subscriber_to_td: 折算值抽样（第 780 条，已按 HJ 212-2025 §8.1.1 d) 的规则处理：无法折算时传缺省类型最大值哨兵 9999.99；⚠️ 注意这是【规则对齐】，本项目出站报文体仍是内部简化格式，不是 HJ212 报文）: 标干 ts=2026-10-02 21:52:14 O2=6.5000 -> dust=2.9897 so2=20.7931 nox=33.7241
2026-10-02 14:52:15 [INFO] platform.subscriber_to_td: 折算值抽样（第 800 条，已按 HJ 212-2025 §8.1.1 d) 的规则处理：无法折算时传缺省类型最大值哨兵 9999.99；⚠️ 注意这是【规则对齐】，本项目出站报文体仍是内部简化格式，不是 HJ212 报文）: 标干 ts=2026-10-02 21:52:15 O2=6.5000 -> dust=2.9897 so2=20.7931 nox=33.7241
2026-10-02 14:52:16 [INFO] platform.subscriber_to_td: 折算值抽样（第 820 条，已按 HJ 212-2025 §8.1.1 d) 的规则处理：无法折算时传缺省类型最大值哨兵 9999.99；⚠️ 注意这是【规则对齐】，本项目出站报文体仍是内部简化格式，不是 HJ212 报文）: 标干 ts=2026-10-02 21:52:16 O2=6.4000 -> dust=2.9692 so2=20.6507 nox=33.4932
2026-10-02 14:52:17 [INFO] platform.subscriber_to_td: 折算值抽样（第 840 条，已按 HJ 212-2025 §8.1.1 d) 的规则处理：无法折算时传缺省类型最大值哨兵 9999.99；⚠️ 注意这是【规则对齐】，本项目出站报文体仍是内部简化格式，不是 HJ212 报文）: 标干 ts=2026-10-02 21:52:17 O2=6.4000 -> dust=2.9692 so2=20.6507 nox=33.4932
2026-10-02 14:52:18 [INFO] platform.subscriber_to_td: 折算值抽样（第 860 条，已按 HJ 212-2025 §8.1.1 d) 的规则处理：无法折算时传缺省类型最大值哨兵 9999.99；⚠️ 注意这是【规则对齐】，本项目出站报文体仍是内部简化格式，不是 HJ212 报文）: 标干 ts=2026-10-02 21:52:18 O2=6.4000 -> dust=2.9692 so2=20.6507 nox=33.4932
2026-10-02 14:52:19 [INFO] platform.subscriber_to_td: 折算值抽样（第 880 条，已按 HJ 212-2025 §8.1.1 d) 的规则处理：无法折算时传缺省类型最大值哨兵 9999.99；⚠️ 注意这是【规则对齐】，本项目出站报文体仍是内部简化格式，不是 HJ212 报文）: 标干 ts=2026-10-02 21:52:19 O2=6.4000 -> dust=2.9692 so2=20.6507 nox=33.4932
2026-10-02 14:52:20 [INFO] platform.subscriber_to_td: 折算值抽样（第 900 条，已按 HJ 212-2025 §8.1.1 d) 的规则处理：无法折算时传缺省类型最大值哨兵 9999.99；⚠️ 注意这是【规则对齐】，本项目出站报文体仍是内部简化格式，不是 HJ212 报文）: 标干 ts=2026-10-02 21:52:20 O2=6.4000 -> dust=2.9692 so2=20.6507 nox=33.4932
2026-10-02 14:52:21 [INFO] platform.subscriber_to_td: 折算值抽样（第 920 条，已按 HJ 212-2025 §8.1.1 d) 的规则处理：无法折算时传缺省类型最大值哨兵 9999.99；⚠️ 注意这是【规则对齐】，本项目出站报文体仍是内部简化格式，不是 HJ212 报文）: 标干 ts=2026-10-02 21:52:21 O2=6.3000 -> dust=2.9490 so2=20.5102 nox=33.2653
2026-10-02 14:52:23 [INFO] platform.subscriber_to_td: 折算值抽样（第 940 条，已按 HJ 212-2025 §8.1.1 d) 的规则处理：无法折算时传缺省类型最大值哨兵 9999.99；⚠️ 注意这是【规则对齐】，本项目出站报文体仍是内部简化格式，不是 HJ212 报文）: 标干 ts=2026-10-02 21:52:23 O2=6.3000 -> dust=2.9490 so2=20.5102 nox=33.2653
2026-10-02 14:52:24 [INFO] platform.subscriber_to_td: 折算值抽样（第 960 条，已按 HJ 212-2025 §8.1.1 d) 的规则处理：无法折算时传缺省类型最大值哨兵 9999.99；⚠️ 注意这是【规则对齐】，本项目出站报文体仍是内部简化格式，不是 HJ212 报文）: 标干 ts=2026-10-02 21:52:24 O2=6.3000 -> dust=2.9490 so2=20.5102 nox=33.2653
2026-10-02 14:52:25 [INFO] platform.subscriber_to_td: 折算值抽样（第 980 条，已按 HJ 212-2025 §8.1.1 d) 的规则处理：无法折算时传缺省类型最大值哨兵 9999.99；⚠️ 注意这是【规则对齐】，本项目出站报文体仍是内部简化格式，不是 HJ212 报文）: 标干 ts=2026-10-02 21:52:25 O2=6.3000 -> dust=2.9490 so2=20.5102 nox=33.2653
2026-10-02 14:52:26 [INFO] platform.subscriber_to_td: 折算值抽样（第 1000 条，已按 HJ 212-2025 §8.1.1 d) 的规则处理：无法折算时传缺省类型最大值哨兵 9999.99；⚠️ 注意这是【规则对齐】，本项目出站报文体仍是内部简化格式，不是 HJ212 报文）: 标干 ts=2026-10-02 21:52:26 O2=6.5000 -> dust=2.9897 so2=20.7931 nox=33.7241
2026-10-02 14:52:27 [INFO] platform.subscriber_to_td: 折算值抽样（第 1020 条，已按 HJ 212-2025 §8.1.1 d) 的规则处理：无法折算时传缺省类型最大值哨兵 9999.99；⚠️ 注意这是【规则对齐】，本项目出站报文体仍是内部简化格式，不是 HJ212 报文）: 标干 ts=2026-10-02 21:52:27 O2=6.5000 -> dust=2.9897 so2=20.7931 nox=33.7241
2026-10-02 14:52:28 [INFO] platform.subscriber_to_td: 折算值抽样（第 1040 条，已按 HJ 212-2025 §8.1.1 d) 的规则处理：无法折算时传缺省类型最大值哨兵 9999.99；⚠️ 注意这是【规则对齐】，本项目出站报文体仍是内部简化格式，不是 HJ212 报文）: 标干 ts=2026-10-02 21:52:28 O2=6.4000 -> dust=2.9692 so2=20.6507 nox=33.4932
2026-10-02 14:52:29 [INFO] platform.subscriber_to_td: 折算值抽样（第 1060 条，已按 HJ 212-2025 §8.1.1 d) 的规则处理：无法折算时传缺省类型最大值哨兵 9999.99；⚠️ 注意这是【规则对齐】，本项目出站报文体仍是内部简化格式，不是 HJ212 报文）: 标干 ts=2026-10-02 21:52:29 O2=6.4000 -> dust=2.9692 so2=20.6507 nox=33.4932
2026-10-02 14:52:30 [INFO] platform.subscriber_to_td: 折算值抽样（第 1080 条，已按 HJ 212-2025 §8.1.1 d) 的规则处理：无法折算时传缺省类型最大值哨兵 9999.99；⚠️ 注意这是【规则对齐】，本项目出站报文体仍是内部简化格式，不是 HJ212 报文）: 标干 ts=2026-10-02 21:52:30 O2=6.4000 -> dust=2.9692 so2=20.6507 nox=33.4932
2026-10-02 14:52:31 [INFO] platform.subscriber_to_td: 折算值抽样（第 1100 条，已按 HJ 212-2025 §8.1.1 d) 的规则处理：无法折算时传缺省类型最大值哨兵 9999.99；⚠️ 注意这是【规则对齐】，本项目出站报文体仍是内部简化格式，不是 HJ212 报文）: 标干 ts=2026-10-02 21:52:31 O2=6.4000 -> dust=2.9692 so2=20.6507 nox=33.4932
2026-10-02 14:52:32 [INFO] platform.subscriber_to_td: 折算值抽样（第 1120 条，已按 HJ 212-2025 §8.1.1 d) 的规则处理：无法折算时传缺省类型最大值哨兵 9999.99；⚠️ 注意这是【规则对齐】，本项目出站报文体仍是内部简化格式，不是 HJ212 报文）: 标干 ts=2026-10-02 21:52:32 O2=6.4000 -> dust=2.9692 so2=20.6507 nox=33.4932
2026-10-02 14:52:34 [INFO] platform.subscriber_to_td: 折算值抽样（第 1140 条，已按 HJ 212-2025 §8.1.1 d) 的规则处理：无法折算时传缺省类型最大值哨兵 9999.99；⚠️ 注意这是【规则对齐】，本项目出站报文体仍是内部简化格式，不是 HJ212 报文）: 标干 ts=2026-10-02 21:52:33 O2=6.4000 -> dust=2.9692 so2=20.6507 nox=33.9041
2026-10-02 14:52:35 [INFO] platform.subscriber_to_td: 折算值抽样（第 1160 条，已按 HJ 212-2025 §8.1.1 d) 的规则处理：无法折算时传缺省类型最大值哨兵 9999.99；⚠️ 注意这是【规则对齐】，本项目出站报文体仍是内部简化格式，不是 HJ212 报文）: 标干 ts=2026-10-02 21:52:35 O2=6.4000 -> dust=2.9692 so2=20.6507 nox=33.9041
2026-10-02 14:52:36 [INFO] platform.subscriber_to_td: 折算值抽样（第 1180 条，已按 HJ 212-2025 §8.1.1 d) 的规则处理：无法折算时传缺省类型最大值哨兵 9999.99；⚠️ 注意这是【规则对齐】，本项目出站报文体仍是内部简化格式，不是 HJ212 报文）: 标干 ts=2026-10-02 21:52:36 O2=6.4000 -> dust=2.9795 so2=20.6507 nox=34.3151
2026-10-02 14:52:37 [INFO] platform.subscriber_to_td: 折算值抽样（第 1200 条，已按 HJ 212-2025 §8.1.1 d) 的规则处理：无法折算时传缺省类型最大值哨兵 9999.99；⚠️ 注意这是【规则对齐】，本项目出站报文体仍是内部简化格式，不是 HJ212 报文）: 标干 ts=2026-10-02 21:52:37 O2=6.4000 -> dust=2.9795 so2=20.6507 nox=34.3151
2026-10-02 14:52:38 [INFO] platform.subscriber_to_td: 折算值抽样（第 1220 条，已按 HJ 212-2025 §8.1.1 d) 的规则处理：无法折算时传缺省类型最大值哨兵 9999.99；⚠️ 注意这是【规则对齐】，本项目出站报文体仍是内部简化格式，不是 HJ212 报文）: 标干 ts=2026-10-02 21:52:38 O2=6.4000 -> dust=2.9692 so2=20.6507 nox=34.7260
2026-10-02 14:52:39 [INFO] platform.subscriber_to_td: 折算值抽样（第 1240 条，已按 HJ 212-2025 §8.1.1 d) 的规则处理：无法折算时传缺省类型最大值哨兵 9999.99；⚠️ 注意这是【规则对齐】，本项目出站报文体仍是内部简化格式，不是 HJ212 报文）: 标干 ts=2026-10-02 21:52:39 O2=6.4000 -> dust=2.9692 so2=20.6507 nox=34.7260
2026-10-02 14:52:40 [INFO] platform.subscriber_to_td: 折算值抽样（第 1260 条，已按 HJ 212-2025 §8.1.1 d) 的规则处理：无法折算时传缺省类型最大值哨兵 9999.99；⚠️ 注意这是【规则对齐】，本项目出站报文体仍是内部简化格式，不是 HJ212 报文）: 标干 ts=2026-10-02 21:52:40 O2=6.3000 -> dust=2.9592 so2=20.5102 nox=34.8980
2026-10-02 14:52:41 [INFO] platform.subscriber_to_td: 折算值抽样（第 1280 条，已按 HJ 212-2025 §8.1.1 d) 的规则处理：无法折算时传缺省类型最大值哨兵 9999.99；⚠️ 注意这是【规则对齐】，本项目出站报文体仍是内部简化格式，不是 HJ212 报文）: 标干 ts=2026-10-02 21:52:41 O2=6.4000 -> dust=2.9692 so2=20.6507 nox=35.5479
2026-10-02 14:52:42 [INFO] platform.subscriber_to_td: 折算值抽样（第 1300 条，已按 HJ 212-2025 §8.1.1 d) 的规则处理：无法折算时传缺省类型最大值哨兵 9999.99；⚠️ 注意这是【规则对齐】，本项目出站报文体仍是内部简化格式，不是 HJ212 报文）: 标干 ts=2026-10-02 21:52:42 O2=6.4000 -> dust=2.9692 so2=20.6507 nox=35.5479
2026-10-02 14:52:43 [INFO] platform.subscriber_to_td: 折算值抽样（第 1320 条，已按 HJ 212-2025 §8.1.1 d) 的规则处理：无法折算时传缺省类型最大值哨兵 9999.99；⚠️ 注意这是【规则对齐】，本项目出站报文体仍是内部简化格式，不是 HJ212 报文）: 标干 ts=2026-10-02 21:52:43 O2=6.3000 -> dust=2.9490 so2=20.5102 nox=35.7143
2026-10-02 14:52:44 [INFO] platform.subscriber_to_td: 折算值抽样（第 1340 条，已按 HJ 212-2025 §8.1.1 d) 的规则处理：无法折算时传缺省类型最大值哨兵 9999.99；⚠️ 注意这是【规则对齐】，本项目出站报文体仍是内部简化格式，不是 HJ212 报文）: 标干 ts=2026-10-02 21:52:44 O2=6.3000 -> dust=2.9490 so2=20.5102 nox=35.7143
2026-10-02 14:52:46 [INFO] platform.subscriber_to_td: 折算值抽样（第 1360 条，已按 HJ 212-2025 §8.1.1 d) 的规则处理：无法折算时传缺省类型最大值哨兵 9999.99；⚠️ 注意这是【规则对齐】，本项目出站报文体仍是内部简化格式，不是 HJ212 报文）: 标干 ts=2026-10-02 21:52:46 O2=6.3000 -> dust=2.9490 so2=20.5102 nox=36.1224
2026-10-02 14:52:47 [INFO] platform.subscriber_to_td: 折算值抽样（第 1380 条，已按 HJ 212-2025 §8.1.1 d) 的规则处理：无法折算时传缺省类型最大值哨兵 9999.99；⚠️ 注意这是【规则对齐】，本项目出站报文体仍是内部简化格式，不是 HJ212 报文）: 标干 ts=2026-10-02 21:52:47 O2=6.3000 -> dust=2.9490 so2=20.5102 nox=36.1224
2026-10-02 14:52:48 [INFO] platform.subscriber_to_td: 折算值抽样（第 1400 条，已按 HJ 212-2025 §8.1.1 d) 的规则处理：无法折算时传缺省类型最大值哨兵 9999.99；⚠️ 注意这是【规则对齐】，本项目出站报文体仍是内部简化格式，不是 HJ212 报文）: 标干 ts=2026-10-02 21:52:48 O2=6.3000 -> dust=2.9490 so2=20.5102 nox=36.5306
2026-10-02 14:52:49 [INFO] platform.subscriber_to_td: 折算值抽样（第 1420 条，已按 HJ 212-2025 §8.1.1 d) 的规则处理：无法折算时传缺省类型最大值哨兵 9999.99；⚠️ 注意这是【规则对齐】，本项目出站报文体仍是内部简化格式，不是 HJ212 报文）: 标干 ts=2026-10-02 21:52:49 O2=6.3000 -> dust=2.9490 so2=20.5102 nox=36.5306
2026-10-02 14:52:50 [INFO] platform.subscriber_to_td: 折算值抽样（第 1440 条，已按 HJ 212-2025 §8.1.1 d) 的规则处理：无法折算时传缺省类型最大值哨兵 9999.99；⚠️ 注意这是【规则对齐】，本项目出站报文体仍是内部简化格式，不是 HJ212 报文）: 标干 ts=2026-10-02 21:52:50 O2=6.3000 -> dust=2.9490 so2=20.5102 nox=36.9388
2026-10-02 14:52:51 [INFO] platform.subscriber_to_td: 折算值抽样（第 1460 条，已按 HJ 212-2025 §8.1.1 d) 的规则处理：无法折算时传缺省类型最大值哨兵 9999.99；⚠️ 注意这是【规则对齐】，本项目出站报文体仍是内部简化格式，不是 HJ212 报文）: 标干 ts=2026-10-02 21:52:51 O2=6.3000 -> dust=2.9490 so2=20.5102 nox=36.9388
2026-10-02 14:52:52 [INFO] platform.subscriber_to_td: 折算值抽样（第 1480 条，已按 HJ 212-2025 §8.1.1 d) 的规则处理：无法折算时传缺省类型最大值哨兵 9999.99；⚠️ 注意这是【规则对齐】，本项目出站报文体仍是内部简化格式，不是 HJ212 报文）: 标干 ts=2026-10-02 21:52:52 O2=6.4000 -> dust=2.9692 so2=20.6507 nox=37.6027
2026-10-02 14:52:53 [INFO] platform.subscriber_to_td: 折算值抽样（第 1500 条，已按 HJ 212-2025 §8.1.1 d) 的规则处理：无法折算时传缺省类型最大值哨兵 9999.99；⚠️ 注意这是【规则对齐】，本项目出站报文体仍是内部简化格式，不是 HJ212 报文）: 标干 ts=2026-10-02 21:52:53 O2=6.4000 -> dust=2.9795 so2=20.6507 nox=38.0137
2026-10-02 14:52:54 [INFO] platform.subscriber_to_td: 折算值抽样（第 1520 条，已按 HJ 212-2025 §8.1.1 d) 的规则处理：无法折算时传缺省类型最大值哨兵 9999.99；⚠️ 注意这是【规则对齐】，本项目出站报文体仍是内部简化格式，不是 HJ212 报文）: 标干 ts=2026-10-02 21:52:54 O2=6.4000 -> dust=2.9795 so2=20.6507 nox=38.0137
2026-10-02 14:52:55 [INFO] platform.subscriber_to_td: 折算值抽样（第 1540 条，已按 HJ 212-2025 §8.1.1 d) 的规则处理：无法折算时传缺省类型最大值哨兵 9999.99；⚠️ 注意这是【规则对齐】，本项目出站报文体仍是内部简化格式，不是 HJ212 报文）: 标干 ts=2026-10-02 21:52:55 O2=6.3000 -> dust=2.9490 so2=20.5102 nox=38.1633
2026-10-02 14:52:57 [INFO] platform.subscriber_to_td: 折算值抽样（第 1560 条，已按 HJ 212-2025 §8.1.1 d) 的规则处理：无法折算时传缺省类型最大值哨兵 9999.99；⚠️ 注意这是【规则对齐】，本项目出站报文体仍是内部简化格式，不是 HJ212 报文）: 标干 ts=2026-10-02 21:52:57 O2=6.3000 -> dust=2.9490 so2=20.5102 nox=38.1633
2026-10-02 14:52:58 [INFO] platform.subscriber_to_td: 折算值抽样（第 1580 条，已按 HJ 212-2025 §8.1.1 d) 的规则处理：无法折算时传缺省类型最大值哨兵 9999.99；⚠️ 注意这是【规则对齐】，本项目出站报文体仍是内部简化格式，不是 HJ212 报文）: 标干 ts=2026-10-02 21:52:58 O2=6.3000 -> dust=2.9490 so2=20.5102 nox=38.5714
2026-10-02 14:52:59 [INFO] platform.subscriber_to_td: 折算值抽样（第 1600 条，已按 HJ 212-2025 §8.1.1 d) 的规则处理：无法折算时传缺省类型最大值哨兵 9999.99；⚠️ 注意这是【规则对齐】，本项目出站报文体仍是内部简化格式，不是 HJ212 报文）: 标干 ts=2026-10-02 21:52:59 O2=6.3000 -> dust=2.9490 so2=20.5102 nox=38.5714
2026-10-02 14:53:00 [INFO] platform.subscriber_to_td: 折算值抽样（第 1620 条，已按 HJ 212-2025 §8.1.1 d) 的规则处理：无法折算时传缺省类型最大值哨兵 9999.99；⚠️ 注意这是【规则对齐】，本项目出站报文体仍是内部简化格式，不是 HJ212 报文）: 标干 ts=2026-10-02 21:53:00 O2=6.3000 -> dust=2.9490 so2=20.5102 nox=38.9796
2026-10-02 14:53:01 [INFO] platform.subscriber_to_td: 折算值抽样（第 1640 条，已按 HJ 212-2025 §8.1.1 d) 的规则处理：无法折算时传缺省类型最大值哨兵 9999.99；⚠️ 注意这是【规则对齐】，本项目出站报文体仍是内部简化格式，不是 HJ212 报文）: 标干 ts=2026-10-02 21:53:01 O2=6.3000 -> dust=2.9490 so2=20.5102 nox=38.9796
2026-10-02 14:53:02 [INFO] platform.subscriber_to_td: 折算值抽样（第 1660 条，已按 HJ 212-2025 §8.1.1 d) 的规则处理：无法折算时传缺省类型最大值哨兵 9999.99；⚠️ 注意这是【规则对齐】，本项目出站报文体仍是内部简化格式，不是 HJ212 报文）: 标干 ts=2026-10-02 21:53:02 O2=6.4000 -> dust=2.9692 so2=20.6507 nox=39.7603
2026-10-02 14:53:03 [INFO] platform.subscriber_to_td: 折算值抽样（第 1680 条，已按 HJ 212-2025 §8.1.1 d) 的规则处理：无法折算时传缺省类型最大值哨兵 9999.99；⚠️ 注意这是【规则对齐】，本项目出站报文体仍是内部简化格式，不是 HJ212 报文）: 标干 ts=2026-10-02 21:53:03 O2=6.4000 -> dust=2.9692 so2=20.6507 nox=39.7603
2026-10-02 14:53:04 [INFO] platform.subscriber_to_td: 折算值抽样（第 1700 条，已按 HJ 212-2025 §8.1.1 d) 的规则处理：无法折算时传缺省类型最大值哨兵 9999.99；⚠️ 注意这是【规则对齐】，本项目出站报文体仍是内部简化格式，不是 HJ212 报文）: 标干 ts=2026-10-02 21:53:04 O2=6.4000 -> dust=2.9692 so2=20.6507 nox=40.1712
2026-10-02 14:53:05 [INFO] platform.subscriber_to_td: 折算值抽样（第 1720 条，已按 HJ 212-2025 §8.1.1 d) 的规则处理：无法折算时传缺省类型最大值哨兵 9999.99；⚠️ 注意这是【规则对齐】，本项目出站报文体仍是内部简化格式，不是 HJ212 报文）: 标干 ts=2026-10-02 21:53:05 O2=6.4000 -> dust=2.9692 so2=20.6507 nox=40.5822
2026-10-02 14:53:06 [INFO] platform.subscriber_to_td: 折算值抽样（第 1740 条，已按 HJ 212-2025 §8.1.1 d) 的规则处理：无法折算时传缺省类型最大值哨兵 9999.99；⚠️ 注意这是【规则对齐】，本项目出站报文体仍是内部简化格式，不是 HJ212 报文）: 标干 ts=2026-10-02 21:53:06 O2=6.4000 -> dust=2.9692 so2=20.6507 nox=40.5822
2026-10-02 14:53:08 [INFO] platform.subscriber_to_td: 折算值抽样（第 1760 条，已按 HJ 212-2025 §8.1.1 d) 的规则处理：无法折算时传缺省类型最大值哨兵 9999.99；⚠️ 注意这是【规则对齐】，本项目出站报文体仍是内部简化格式，不是 HJ212 报文）: 标干 ts=2026-10-02 21:53:08 O2=6.4000 -> dust=2.9692 so2=20.6507 nox=40.9932
2026-10-02 14:53:09 [INFO] platform.subscriber_to_td: 折算值抽样（第 1780 条，已按 HJ 212-2025 §8.1.1 d) 的规则处理：无法折算时传缺省类型最大值哨兵 9999.99；⚠️ 注意这是【规则对齐】，本项目出站报文体仍是内部简化格式，不是 HJ212 报文）: 标干 ts=2026-10-02 21:53:09 O2=6.4000 -> dust=2.9692 so2=20.6507 nox=40.9932
2026-10-02 14:53:10 [INFO] platform.subscriber_to_td: 折算值抽样（第 1800 条，已按 HJ 212-2025 §8.1.1 d) 的规则处理：无法折算时传缺省类型最大值哨兵 9999.99；⚠️ 注意这是【规则对齐】，本项目出站报文体仍是内部简化格式，不是 HJ212 报文）: 标干 ts=2026-10-02 21:53:10 O2=6.4000 -> dust=2.9692 so2=20.6507 nox=41.4041
2026-10-02 14:53:11 [INFO] platform.subscriber_to_td: 折算值抽样（第 1820 条，已按 HJ 212-2025 §8.1.1 d) 的规则处理：无法折算时传缺省类型最大值哨兵 9999.99；⚠️ 注意这是【规则对齐】，本项目出站报文体仍是内部简化格式，不是 HJ212 报文）: 标干 ts=2026-10-02 21:53:11 O2=6.4000 -> dust=2.9692 so2=20.6507 nox=41.4041
2026-10-02 14:53:12 [INFO] platform.subscriber_to_td: 折算值抽样（第 1840 条，已按 HJ 212-2025 §8.1.1 d) 的规则处理：无法折算时传缺省类型最大值哨兵 9999.99；⚠️ 注意这是【规则对齐】，本项目出站报文体仍是内部简化格式，不是 HJ212 报文）: 标干 ts=2026-10-02 21:53:12 O2=6.3000 -> dust=2.9490 so2=20.5102 nox=41.5306
2026-10-02 14:53:13 [INFO] platform.subscriber_to_td: 折算值抽样（第 1860 条，已按 HJ 212-2025 §8.1.1 d) 的规则处理：无法折算时传缺省类型最大值哨兵 9999.99；⚠️ 注意这是【规则对齐】，本项目出站报文体仍是内部简化格式，不是 HJ212 报文）: 标干 ts=2026-10-02 21:53:13 O2=6.3000 -> dust=2.9490 so2=20.5102 nox=41.5306
2026-10-02 14:53:14 [INFO] platform.subscriber_to_td: 折算值抽样（第 1880 条，已按 HJ 212-2025 §8.1.1 d) 的规则处理：无法折算时传缺省类型最大值哨兵 9999.99；⚠️ 注意这是【规则对齐】，本项目出站报文体仍是内部简化格式，不是 HJ212 报文）: 标干 ts=2026-10-02 21:53:14 O2=6.3000 -> dust=2.9490 so2=20.5102 nox=41.9388
2026-10-02 14:53:15 [INFO] platform.subscriber_to_td: 折算值抽样（第 1900 条，已按 HJ 212-2025 §8.1.1 d) 的规则处理：无法折算时传缺省类型最大值哨兵 9999.99；⚠️ 注意这是【规则对齐】，本项目出站报文体仍是内部简化格式，不是 HJ212 报文）: 标干 ts=2026-10-02 21:53:15 O2=6.3000 -> dust=2.9490 so2=20.5102 nox=41.9388
