2026-10-02 15:23:14 [INFO] platform.subscriber_to_td: 本实例负责: 主题 cems/loadtest/device1/data → 子表 loadtest_lt1（plant=loadtest, device=lt1）
2026-10-02 15:23:14 [INFO] platform.subscriber_to_td: TDengine 就绪: 库=cems, 超级表=cems_data
2026-10-02 15:23:14 [INFO] platform.subscriber_to_td: 告警表就绪: cems_alarm_event / cems_hourly_verdict / cems_alarm_push
2026-10-02 15:23:14 [WARNING] platform.subscriber_to_td: ALARM_ENABLE=0：本次不判超标（只入库、只算折算值）
2026-10-02 15:23:14 [INFO] platform.subscriber_to_td: 等待 MQTT 数据...（Ctrl+C 停止）
2026-10-02 15:23:14 [INFO] platform.subscriber_to_td: MQTT 已连接: 127.0.0.1:1883（会话恢复=True）
2026-10-02 15:23:14 [INFO] platform.subscriber_to_td: 已订阅主题: cems/loadtest/device1/data (QoS=1)
2026-10-02 15:23:14 [INFO] platform.subscriber_to_td: 折算值抽样（第 1 条，已按 HJ 212-2025 §8.1.1 d) 的规则处理：无法折算时传缺省类型最大值哨兵 9999.99；⚠️ 注意这是【规则对齐】，本项目出站报文体仍是内部简化格式，不是 HJ212 报文）: 标干 ts=2026-10-02 22:21:56 O2=4.7000 -> dust=2.7607 so2=14.6319 nox=18.5890
2026-10-02 15:23:14 [INFO] platform.subscriber_to_td: 折算值抽样（第 20 条，已按 HJ 212-2025 §8.1.1 d) 的规则处理：无法折算时传缺省类型最大值哨兵 9999.99；⚠️ 注意这是【规则对齐】，本项目出站报文体仍是内部简化格式，不是 HJ212 报文）: 标干 ts=2026-10-02 22:18:37 O2=4.7000 -> dust=2.8528 so2=15.1840 nox=19.5092
2026-10-02 15:23:14 [INFO] platform.subscriber_to_td: 折算值抽样（第 40 条，已按 HJ 212-2025 §8.1.1 d) 的规则处理：无法折算时传缺省类型最大值哨兵 9999.99；⚠️ 注意这是【规则对齐】，本项目出站报文体仍是内部简化格式，不是 HJ212 报文）: 标干 ts=2026-10-02 22:21:05 O2=4.6000 -> dust=2.7439 so2=14.5427 nox=18.4756
2026-10-02 15:23:14 [INFO] platform.subscriber_to_td: 折算值抽样（第 60 条，已按 HJ 212-2025 §8.1.1 d) 的规则处理：无法折算时传缺省类型最大值哨兵 9999.99；⚠️ 注意这是【规则对齐】，本项目出站报文体仍是内部简化格式，不是 HJ212 报文）: 标干 ts=2026-10-02 22:21:25 O2=4.7000 -> dust=2.7607 so2=15.0000 nox=19.1411
2026-10-02 15:23:14 [INFO] platform.subscriber_to_td: 折算值抽样（第 80 条，已按 HJ 212-2025 §8.1.1 d) 的规则处理：无法折算时传缺省类型最大值哨兵 9999.99；⚠️ 注意这是【规则对齐】，本项目出站报文体仍是内部简化格式，不是 HJ212 报文）: 标干 ts=2026-10-02 22:19:46 O2=4.5000 -> dust=2.8182 so2=15.0909 nox=19.3636
2026-10-02 15:23:14 [INFO] platform.subscriber_to_td: 折算值抽样（第 100 条，已按 HJ 212-2025 §8.1.1 d) 的规则处理：无法折算时传缺省类型最大值哨兵 9999.99；⚠️ 注意这是【规则对齐】，本项目出站报文体仍是内部简化格式，不是 HJ212 报文）: 标干 ts=2026-10-02 22:19:50 O2=4.7000 -> dust=2.7607 so2=15.0000 nox=19.1411
2026-10-02 15:23:14 [INFO] platform.subscriber_to_td: 折算值抽样（第 120 条，已按 HJ 212-2025 §8.1.1 d) 的规则处理：无法折算时传缺省类型最大值哨兵 9999.99；⚠️ 注意这是【规则对齐】，本项目出站报文体仍是内部简化格式，不是 HJ212 报文）: 标干 ts=2026-10-02 22:19:54 O2=4.6000 -> dust=2.7439 so2=14.4512 nox=18.3841
2026-10-02 15:23:14 [INFO] platform.subscriber_to_td: 折算值抽样（第 140 条，已按 HJ 212-2025 §8.1.1 d) 的规则处理：无法折算时传缺省类型最大值哨兵 9999.99；⚠️ 注意这是【规则对齐】，本项目出站报文体仍是内部简化格式，不是 HJ212 报文）: 标干 ts=2026-10-02 22:19:58 O2=4.5000 -> dust=2.7273 so2=14.5455 nox=18.5455
2026-10-02 15:23:15 [INFO] platform.subscriber_to_td: 折算值抽样（第 160 条，已按 HJ 212-2025 §8.1.1 d) 的规则处理：无法折算时传缺省类型最大值哨兵 9999.99；⚠️ 注意这是【规则对齐】，本项目出站报文体仍是内部简化格式，不是 HJ212 报文）: 标干 ts=2026-10-02 22:20:02 O2=4.5000 -> dust=2.8182 so2=15.0000 nox=19.2727
2026-10-02 15:23:15 [INFO] platform.subscriber_to_td: 折算值抽样（第 180 条，已按 HJ 212-2025 §8.1.1 d) 的规则处理：无法折算时传缺省类型最大值哨兵 9999.99；⚠️ 注意这是【规则对齐】，本项目出站报文体仍是内部简化格式，不是 HJ212 报文）: 标干 ts=2026-10-02 22:20:06 O2=4.7000 -> dust=2.8528 so2=15.0920 nox=19.3252
2026-10-02 15:23:15 [INFO] platform.subscriber_to_td: 折算值抽样（第 200 条，已按 HJ 212-2025 §8.1.1 d) 的规则处理：无法折算时传缺省类型最大值哨兵 9999.99；⚠️ 注意这是【规则对齐】，本项目出站报文体仍是内部简化格式，不是 HJ212 报文）: 标干 ts=2026-10-02 22:20:10 O2=4.6000 -> dust=2.7439 so2=14.5427 nox=18.4756
2026-10-02 15:23:28 [INFO] platform.subscriber_to_td: 折算值抽样（第 220 条，已按 HJ 212-2025 §8.1.1 d) 的规则处理：无法折算时传缺省类型最大值哨兵 9999.99；⚠️ 注意这是【规则对齐】，本项目出站报文体仍是内部简化格式，不是 HJ212 报文）: 标干 ts=2026-10-02 22:23:28 O2=4.7000 -> dust=2.8528 so2=15.2761 nox=19.5092
2026-10-02 15:23:48 [INFO] platform.subscriber_to_td: 折算值抽样（第 240 条，已按 HJ 212-2025 §8.1.1 d) 的规则处理：无法折算时传缺省类型最大值哨兵 9999.99；⚠️ 注意这是【规则对齐】，本项目出站报文体仍是内部简化格式，不是 HJ212 报文）: 标干 ts=2026-10-02 22:23:48 O2=4.5000 -> dust=2.7273 so2=14.8182 nox=18.9091
