2026-10-02 14:39:59 [INFO] platform.subscriber_to_td: 本实例负责: 主题 cems/loadtest/device2/data → 子表 loadtest_lt2（plant=loadtest, device=lt2）
2026-10-02 14:39:59 [INFO] platform.subscriber_to_td: TDengine 就绪: 库=cems, 超级表=cems_data
2026-10-02 14:39:59 [INFO] platform.subscriber_to_td: 告警表就绪: cems_alarm_event / cems_hourly_verdict / cems_alarm_push
2026-10-02 14:39:59 [WARNING] platform.subscriber_to_td: ALARM_ENABLE=0：本次不判超标（只入库、只算折算值）
2026-10-02 14:39:59 [INFO] platform.subscriber_to_td: 等待 MQTT 数据...（Ctrl+C 停止）
2026-10-02 14:39:59 [INFO] platform.subscriber_to_td: MQTT 已连接: 127.0.0.1:1883（会话恢复=True）
2026-10-02 14:39:59 [INFO] platform.subscriber_to_td: 已订阅主题: cems/loadtest/device2/data (QoS=1)
2026-10-02 14:39:59 [ERROR] platform.subscriber_to_td: TDengine 插入失败: [0x060b]: Timestamp data out of range | SQL: INSERT INTO cems.loadtest_lt2 USING cems.cems_data TAGS ('loadtest', 'lt2') (ts, flow, dust, so2, nox, o2, velocity, temp, humidity, pressure) VALUES ('1970-01-01 15:37:17', 26827.7, 3.3, 18.1, 22.5, 5.4, 17.7, 192.5, 55.5, 92.4)
2026-10-02 14:39:59 [ERROR] platform.subscriber_to_td: 入库失败，重连 TDengine 后重试一次
2026-10-02 14:39:59 [INFO] platform.subscriber_to_td: TDengine 就绪: 库=cems, 超级表=cems_data
2026-10-02 14:39:59 [ERROR] platform.subscriber_to_td: TDengine 插入失败: [0x060b]: Timestamp data out of range | SQL: INSERT INTO cems.loadtest_lt2 USING cems.cems_data TAGS ('loadtest', 'lt2') (ts, flow, dust, so2, nox, o2, velocity, temp, humidity, pressure) VALUES ('1970-01-01 15:37:17', 26827.7, 3.3, 18.1, 22.5, 5.4, 17.7, 192.5, 55.5, 92.4)
2026-10-02 14:39:59 [ERROR] platform.subscriber_to_td: TDengine 插入失败: [0x060b]: Timestamp data out of range | SQL: INSERT INTO cems.loadtest_lt2 USING cems.cems_data TAGS ('loadtest', 'lt2') (ts, flow, dust, so2, nox, o2, velocity, temp, humidity, pressure) VALUES ('1970-01-01 15:37:18', 26672.1, 3.3, 18.3, 22.7, 5.3, 17.6, 191.8, 55.2, 92.3)
2026-10-02 14:39:59 [ERROR] platform.subscriber_to_td: 入库失败，重连 TDengine 后重试一次
2026-10-02 14:39:59 [INFO] platform.subscriber_to_td: TDengine 就绪: 库=cems, 超级表=cems_data
2026-10-02 14:39:59 [ERROR] platform.subscriber_to_td: TDengine 插入失败: [0x060b]: Timestamp data out of range | SQL: INSERT INTO cems.loadtest_lt2 USING cems.cems_data TAGS ('loadtest', 'lt2') (ts, flow, dust, so2, nox, o2, velocity, temp, humidity, pressure) VALUES ('1970-01-01 15:37:18', 26672.1, 3.3, 18.3, 22.7, 5.3, 17.6, 191.8, 55.2, 92.3)
2026-10-02 14:39:59 [ERROR] platform.subscriber_to_td: TDengine 插入失败: [0x060b]: Timestamp data out of range | SQL: INSERT INTO cems.loadtest_lt2 USING cems.cems_data TAGS ('loadtest', 'lt2') (ts, flow, dust, so2, nox, o2, velocity, temp, humidity, pressure) VALUES ('1970-01-01 15:37:19', 26492.8, 3.3, 18.3, 22.8, 5.3, 17.5, 190.9, 55.0, 92.3)
2026-10-02 14:39:59 [ERROR] platform.subscriber_to_td: 入库失败，重连 TDengine 后重试一次
2026-10-02 14:39:59 [INFO] platform.subscriber_to_td: TDengine 就绪: 库=cems, 超级表=cems_data
2026-10-02 14:39:59 [ERROR] platform.subscriber_to_td: TDengine 插入失败: [0x060b]: Timestamp data out of range | SQL: INSERT INTO cems.loadtest_lt2 USING cems.cems_data TAGS ('loadtest', 'lt2') (ts, flow, dust, so2, nox, o2, velocity, temp, humidity, pressure) VALUES ('1970-01-01 15:37:19', 26492.8, 3.3, 18.3, 22.8, 5.3, 17.5, 190.9, 55.0, 92.3)
2026-10-02 14:39:59 [ERROR] platform.subscriber_to_td: TDengine 插入失败: [0x060b]: Timestamp data out of range | SQL: INSERT INTO cems.loadtest_lt2 USING cems.cems_data TAGS ('loadtest', 'lt2') (ts, flow, dust, so2, nox, o2, velocity, temp, humidity, pressure) VALUES ('1970-01-01 15:37:20', 26304.8, 3.4, 18.4, 22.9, 5.4, 17.5, 190.1, 54.7, 92.2)
2026-10-02 14:39:59 [ERROR] platform.subscriber_to_td: 入库失败，重连 TDengine 后重试一次
2026-10-02 14:39:59 [INFO] platform.subscriber_to_td: TDengine 就绪: 库=cems, 超级表=cems_data
2026-10-02 14:39:59 [ERROR] platform.subscriber_to_td: TDengine 插入失败: [0x060b]: Timestamp data out of range | SQL: INSERT INTO cems.loadtest_lt2 USING cems.cems_data TAGS ('loadtest', 'lt2') (ts, flow, dust, so2, nox, o2, velocity, temp, humidity, pressure) VALUES ('1970-01-01 15:37:20', 26304.8, 3.4, 18.4, 22.9, 5.4, 17.5, 190.1, 54.7, 92.2)
2026-10-02 14:39:59 [ERROR] platform.subscriber_to_td: TDengine 插入失败: [0x060b]: Timestamp data out of range | SQL: INSERT INTO cems.loadtest_lt2 USING cems.cems_data TAGS ('loadtest', 'lt2') (ts, flow, dust, so2, nox, o2, velocity, temp, humidity, pressure) VALUES ('1970-01-01 15:37:21', 26123.8, 3.3, 18.4, 22.8, 5.4, 17.4, 189.2, 54.4, 92.2)
2026-10-02 14:39:59 [ERROR] platform.subscriber_to_td: 入库失败，重连 TDengine 后重试一次
2026-10-02 14:39:59 [INFO] platform.subscriber_to_td: TDengine 就绪: 库=cems, 超级表=cems_data
2026-10-02 14:39:59 [ERROR] platform.subscriber_to_td: TDengine 插入失败: [0x060b]: Timestamp data out of range | SQL: INSERT INTO cems.loadtest_lt2 USING cems.cems_data TAGS ('loadtest', 'lt2') (ts, flow, dust, so2, nox, o2, velocity, temp, humidity, pressure) VALUES ('1970-01-01 15:37:21', 26123.8, 3.3, 18.4, 22.8, 5.4, 17.4, 189.2, 54.4, 92.2)
2026-10-02 14:39:59 [ERROR] platform.subscriber_to_td: TDengine 插入失败: [0x060b]: Timestamp data out of range | SQL: INSERT INTO cems.loadtest_lt2 USING cems.cems_data TAGS ('loadtest', 'lt2') (ts, flow, dust, so2, nox, o2, velocity, temp, humidity, pressure) VALUES ('1970-01-01 15:37:22', 25965.0, 3.3, 18.3, 22.7, 5.4, 17.3, 188.5, 54.1, 92.1)
2026-10-02 14:39:59 [ERROR] platform.subscriber_to_td: 入库失败，重连 TDengine 后重试一次
2026-10-02 14:39:59 [INFO] platform.subscriber_to_td: TDengine 就绪: 库=cems, 超级表=cems_data
2026-10-02 14:39:59 [ERROR] platform.subscriber_to_td: TDengine 插入失败: [0x060b]: Timestamp data out of range | SQL: INSERT INTO cems.loadtest_lt2 USING cems.cems_data TAGS ('loadtest', 'lt2') (ts, flow, dust, so2, nox, o2, velocity, temp, humidity, pressure) VALUES ('1970-01-01 15:37:22', 25965.0, 3.3, 18.3, 22.7, 5.4, 17.3, 188.5, 54.1, 92.1)
2026-10-02 14:39:59 [ERROR] platform.subscriber_to_td: TDengine 插入失败: [0x060b]: Timestamp data out of range | SQL: INSERT INTO cems.loadtest_lt2 USING cems.cems_data TAGS ('loadtest', 'lt2') (ts, flow, dust, so2, nox, o2, velocity, temp, humidity, pressure) VALUES ('1970-01-01 15:37:23', 25841.5, 3.3, 18.2, 22.5, 5.5, 17.2, 187.9, 53.9, 92.1)
2026-10-02 14:39:59 [ERROR] platform.subscriber_to_td: 入库失败，重连 TDengine 后重试一次
2026-10-02 14:39:59 [INFO] platform.subscriber_to_td: TDengine 就绪: 库=cems, 超级表=cems_data
2026-10-02 14:39:59 [ERROR] platform.subscriber_to_td: TDengine 插入失败: [0x060b]: Timestamp data out of range | SQL: INSERT INTO cems.loadtest_lt2 USING cems.cems_data TAGS ('loadtest', 'lt2') (ts, flow, dust, so2, nox, o2, velocity, temp, humidity, pressure) VALUES ('1970-01-01 15:37:23', 25841.5, 3.3, 18.2, 22.5, 5.5, 17.2, 187.9, 53.9, 92.1)
2026-10-02 14:39:59 [ERROR] platform.subscriber_to_td: TDengine 插入失败: [0x060b]: Timestamp data out of range | SQL: INSERT INTO cems.loadtest_lt2 USING cems.cems_data TAGS ('loadtest', 'lt2') (ts, flow, dust, so2, nox, o2, velocity, temp, humidity, pressure) VALUES ('1970-01-01 15:37:24', 25763.6, 3.3, 18.0, 22.3, 5.5, 17.2, 187.6, 53.8, 92.1)
2026-10-02 14:39:59 [ERROR] platform.subscriber_to_td: 入库失败，重连 TDengine 后重试一次
2026-10-02 14:39:59 [INFO] platform.subscriber_to_td: TDengine 就绪: 库=cems, 超级表=cems_data
2026-10-02 14:39:59 [ERROR] platform.subscriber_to_td: TDengine 插入失败: [0x060b]: Timestamp data out of range | SQL: INSERT INTO cems.loadtest_lt2 USING cems.cems_data TAGS ('loadtest', 'lt2') (ts, flow, dust, so2, nox, o2, velocity, temp, humidity, pressure) VALUES ('1970-01-01 15:37:24', 25763.6, 3.3, 18.0, 22.3, 5.5, 17.2, 187.6, 53.8, 92.1)
2026-10-02 14:39:59 [ERROR] platform.subscriber_to_td: TDengine 插入失败: [0x060b]: Timestamp data out of range | SQL: INSERT INTO cems.loadtest_lt2 USING cems.cems_data TAGS ('loadtest', 'lt2') (ts, flow, dust, so2, nox, o2, velocity, temp, humidity, pressure) VALUES ('1970-01-01 15:37:25', 25738.0, 3.3, 17.8, 22.1, 5.5, 17.2, 187.5, 53.8, 92.1)
2026-10-02 14:39:59 [ERROR] platform.subscriber_to_td: 入库失败，重连 TDengine 后重试一次
2026-10-02 14:39:59 [INFO] platform.subscriber_to_td: TDengine 就绪: 库=cems, 超级表=cems_data
2026-10-02 14:39:59 [ERROR] platform.subscriber_to_td: TDengine 插入失败: [0x060b]: Timestamp data out of range | SQL: INSERT INTO cems.loadtest_lt2 USING cems.cems_data TAGS ('loadtest', 'lt2') (ts, flow, dust, so2, nox, o2, velocity, temp, humidity, pressure) VALUES ('1970-01-01 15:37:25', 25738.0, 3.3, 17.8, 22.1, 5.5, 17.2, 187.5, 53.8, 92.1)
2026-10-02 14:39:59 [ERROR] platform.subscriber_to_td: TDengine 插入失败: [0x060b]: Timestamp data out of range | SQL: INSERT INTO cems.loadtest_lt2 USING cems.cems_data TAGS ('loadtest', 'lt2') (ts, flow, dust, so2, nox, o2, velocity, temp, humidity, pressure) VALUES ('1970-01-01 15:37:26', 25766.5, 3.3, 17.7, 21.9, 5.5, 17.2, 187.6, 53.8, 92.1)
2026-10-02 14:39:59 [ERROR] platform.subscriber_to_td: 入库失败，重连 TDengine 后重试一次
2026-10-02 14:39:59 [INFO] platform.subscriber_to_td: TDengine 就绪: 库=cems, 超级表=cems_data
2026-10-02 14:39:59 [ERROR] platform.subscriber_to_td: TDengine 插入失败: [0x060b]: Timestamp data out of range | SQL: INSERT INTO cems.loadtest_lt2 USING cems.cems_data TAGS ('loadtest', 'lt2') (ts, flow, dust, so2, nox, o2, velocity, temp, humidity, pressure) VALUES ('1970-01-01 15:37:26', 25766.5, 3.3, 17.7, 21.9, 5.5, 17.2, 187.6, 53.8, 92.1)
2026-10-02 14:39:59 [ERROR] platform.subscriber_to_td: TDengine 插入失败: [0x060b]: Timestamp data out of range | SQL: INSERT INTO cems.loadtest_lt2 USING cems.cems_data TAGS ('loadtest', 'lt2') (ts, flow, dust, so2, nox, o2, velocity, temp, humidity, pressure) VALUES ('1970-01-01 15:37:27', 25847.0, 3.2, 17.6, 21.8, 5.5, 17.3, 188.0, 54.0, 92.1)
2026-10-02 14:39:59 [ERROR] platform.subscriber_to_td: 入库失败，重连 TDengine 后重试一次
2026-10-02 14:39:59 [INFO] platform.subscriber_to_td: TDengine 就绪: 库=cems, 超级表=cems_data
2026-10-02 14:39:59 [ERROR] platform.subscriber_to_td: TDengine 插入失败: [0x060b]: Timestamp data out of range | SQL: INSERT INTO cems.loadtest_lt2 USING cems.cems_data TAGS ('loadtest', 'lt2') (ts, flow, dust, so2, nox, o2, velocity, temp, humidity, pressure) VALUES ('1970-01-01 15:37:27', 25847.0, 3.2, 17.6, 21.8, 5.5, 17.3, 188.0, 54.0, 92.1)
2026-10-02 14:39:59 [ERROR] platform.subscriber_to_td: TDengine 插入失败: [0x060b]: Timestamp data out of range | SQL: INSERT INTO cems.loadtest_lt2 USING cems.cems_data TAGS ('loadtest', 'lt2') (ts, flow, dust, so2, nox, o2, velocity, temp, humidity, pressure) VALUES ('1970-01-01 15:37:28', 25972.6, 3.2, 17.5, 21.7, 5.5, 17.3, 188.5, 54.2, 92.1)
2026-10-02 14:39:59 [ERROR] platform.subscriber_to_td: 入库失败，重连 TDengine 后重试一次
2026-10-02 14:39:59 [INFO] platform.subscriber_to_td: TDengine 就绪: 库=cems, 超级表=cems_data
2026-10-02 14:39:59 [ERROR] platform.subscriber_to_td: TDengine 插入失败: [0x060b]: Timestamp data out of range | SQL: INSERT INTO cems.loadtest_lt2 USING cems.cems_data TAGS ('loadtest', 'lt2') (ts, flow, dust, so2, nox, o2, velocity, temp, humidity, pressure) VALUES ('1970-01-01 15:37:28', 25972.6, 3.2, 17.5, 21.7, 5.5, 17.3, 188.5, 54.2, 92.1)
2026-10-02 14:39:59 [ERROR] platform.subscriber_to_td: TDengine 插入失败: [0x060b]: Timestamp data out of range | SQL: INSERT INTO cems.loadtest_lt2 USING cems.cems_data TAGS ('loadtest', 'lt2') (ts, flow, dust, so2, nox, o2, velocity, temp, humidity, pressure) VALUES ('1970-01-01 15:37:29', 26132.9, 3.2, 17.5, 21.7, 5.5, 17.4, 189.3, 54.4, 92.2)
2026-10-02 14:39:59 [ERROR] platform.subscriber_to_td: 入库失败，重连 TDengine 后重试一次
2026-10-02 14:39:59 [INFO] platform.subscriber_to_td: TDengine 就绪: 库=cems, 超级表=cems_data
2026-10-02 14:39:59 [ERROR] platform.subscriber_to_td: TDengine 插入失败: [0x060b]: Timestamp data out of range | SQL: INSERT INTO cems.loadtest_lt2 USING cems.cems_data TAGS ('loadtest', 'lt2') (ts, flow, dust, so2, nox, o2, velocity, temp, humidity, pressure) VALUES ('1970-01-01 15:37:29', 26132.9, 3.2, 17.5, 21.7, 5.5, 17.4, 189.3, 54.4, 92.2)
2026-10-02 14:39:59 [ERROR] platform.subscriber_to_td: TDengine 插入失败: [0x060b]: Timestamp data out of range | SQL: INSERT INTO cems.loadtest_lt2 USING cems.cems_data TAGS ('loadtest', 'lt2') (ts, flow, dust, so2, nox, o2, velocity, temp, humidity, pressure) VALUES ('1970-01-01 15:37:30', 26314.4, 3.2, 17.6, 21.8, 5.4, 17.5, 190.1, 54.7, 92.2)
2026-10-02 14:39:59 [ERROR] platform.subscriber_to_td: 入库失败，重连 TDengine 后重试一次
2026-10-02 14:39:59 [INFO] platform.subscriber_to_td: TDengine 就绪: 库=cems, 超级表=cems_data
2026-10-02 14:39:59 [ERROR] platform.subscriber_to_td: TDengine 插入失败: [0x060b]: Timestamp data out of range | SQL: INSERT INTO cems.loadtest_lt2 USING cems.cems_data TAGS ('loadtest', 'lt2') (ts, flow, dust, so2, nox, o2, velocity, temp, humidity, pressure) VALUES ('1970-01-01 15:37:30', 26314.4, 3.2, 17.6, 21.8, 5.4, 17.5, 190.1, 54.7, 92.2)
2026-10-02 14:39:59 [ERROR] platform.subscriber_to_td: TDengine 插入失败: [0x060b]: Timestamp data out of range | SQL: INSERT INTO cems.loadtest_lt2 USING cems.cems_data TAGS ('loadtest', 'lt2') (ts, flow, dust, so2, nox, o2, velocity, temp, humidity, pressure) VALUES ('1970-01-01 15:37:31', 26502.0, 3.3, 17.7, 21.9, 5.4, 17.6, 191.0, 55.0, 92.3)
2026-10-02 14:39:59 [ERROR] platform.subscriber_to_td: 入库失败，重连 TDengine 后重试一次
2026-10-02 14:39:59 [INFO] platform.subscriber_to_td: TDengine 就绪: 库=cems, 超级表=cems_data
2026-10-02 14:39:59 [ERROR] platform.subscriber_to_td: TDengine 插入失败: [0x060b]: Timestamp data out of range | SQL: INSERT INTO cems.loadtest_lt2 USING cems.cems_data TAGS ('loadtest', 'lt2') (ts, flow, dust, so2, nox, o2, velocity, temp, humidity, pressure) VALUES ('1970-01-01 15:37:31', 26502.0, 3.3, 17.7, 21.9, 5.4, 17.6, 191.0, 55.0, 92.3)
2026-10-02 14:39:59 [ERROR] platform.subscriber_to_td: TDengine 插入失败: [0x060b]: Timestamp data out of range | SQL: INSERT INTO cems.loadtest_lt2 USING cems.cems_data TAGS ('loadtest', 'lt2') (ts, flow, dust, so2, nox, o2, velocity, temp, humidity, pressure) VALUES ('1970-01-01 15:37:32', 26680.0, 3.3, 17.8, 22.1, 5.4, 17.6, 191.8, 55.2, 92.3)
2026-10-02 14:39:59 [ERROR] platform.subscriber_to_td: 入库失败，重连 TDengine 后重试一次
2026-10-02 14:39:59 [INFO] platform.subscriber_to_td: TDengine 就绪: 库=cems, 超级表=cems_data
2026-10-02 14:39:59 [ERROR] platform.subscriber_to_td: TDengine 插入失败: [0x060b]: Timestamp data out of range | SQL: INSERT INTO cems.loadtest_lt2 USING cems.cems_data TAGS ('loadtest', 'lt2') (ts, flow, dust, so2, nox, o2, velocity, temp, humidity, pressure) VALUES ('1970-01-01 15:37:32', 26680.0, 3.3, 17.8, 22.1, 5.4, 17.6, 191.8, 55.2, 92.3)
2026-10-02 14:39:59 [ERROR] platform.subscriber_to_td: TDengine 插入失败: [0x060b]: Timestamp data out of range | SQL: INSERT INTO cems.loadtest_lt2 USING cems.cems_data TAGS ('loadtest', 'lt2') (ts, flow, dust, so2, nox, o2, velocity, temp, humidity, pressure) VALUES ('1970-01-01 15:37:33', 26833.5, 3.3, 18.0, 22.3, 5.3, 17.7, 192.5, 55.5, 92.4)
2026-10-02 14:39:59 [ERROR] platform.subscriber_to_td: 入库失败，重连 TDengine 后重试一次
2026-10-02 14:40:00 [INFO] platform.subscriber_to_td: TDengine 就绪: 库=cems, 超级表=cems_data
2026-10-02 14:40:00 [ERROR] platform.subscriber_to_td: TDengine 插入失败: [0x060b]: Timestamp data out of range | SQL: INSERT INTO cems.loadtest_lt2 USING cems.cems_data TAGS ('loadtest', 'lt2') (ts, flow, dust, so2, nox, o2, velocity, temp, humidity, pressure) VALUES ('1970-01-01 15:37:33', 26833.5, 3.3, 18.0, 22.3, 5.3, 17.7, 192.5, 55.5, 92.4)
2026-10-02 14:40:00 [ERROR] platform.subscriber_to_td: TDengine 插入失败: [0x060b]: Timestamp data out of range | SQL: INSERT INTO cems.loadtest_lt2 USING cems.cems_data TAGS ('loadtest', 'lt2') (ts, flow, dust, so2, nox, o2, velocity, temp, humidity, pressure) VALUES ('1970-01-01 15:37:34', 26949.7, 3.3, 18.1, 22.5, 5.3, 17.8, 193.1, 55.7, 92.4)
2026-10-02 14:40:00 [ERROR] platform.subscriber_to_td: 入库失败，重连 TDengine 后重试一次
2026-10-02 14:40:00 [INFO] platform.subscriber_to_td: TDengine 就绪: 库=cems, 超级表=cems_data
2026-10-02 14:40:00 [ERROR] platform.subscriber_to_td: TDengine 插入失败: [0x060b]: Timestamp data out of range | SQL: INSERT INTO cems.loadtest_lt2 USING cems.cems_data TAGS ('loadtest', 'lt2') (ts, flow, dust, so2, nox, o2, velocity, temp, humidity, pressure) VALUES ('1970-01-01 15:37:34', 26949.7, 3.3, 18.1, 22.5, 5.3, 17.8, 193.1, 55.7, 92.4)
2026-10-02 14:40:00 [ERROR] platform.subscriber_to_td: TDengine 插入失败: [0x060b]: Timestamp data out of range | SQL: INSERT INTO cems.loadtest_lt2 USING cems.cems_data TAGS ('loadtest', 'lt2') (ts, flow, dust, so2, nox, o2, velocity, temp, humidity, pressure) VALUES ('1970-01-01 15:37:35', 27018.8, 3.3, 18.3, 22.7, 5.3, 17.8, 193.4, 55.8, 92.4)
2026-10-02 14:40:00 [ERROR] platform.subscriber_to_td: 入库失败，重连 TDengine 后重试一次
2026-10-02 14:40:00 [INFO] platform.subscriber_to_td: TDengine 就绪: 库=cems, 超级表=cems_data
2026-10-02 14:40:00 [ERROR] platform.subscriber_to_td: TDengine 插入失败: [0x060b]: Timestamp data out of range | SQL: INSERT INTO cems.loadtest_lt2 USING cems.cems_data TAGS ('loadtest', 'lt2') (ts, flow, dust, so2, nox, o2, velocity, temp, humidity, pressure) VALUES ('1970-01-01 15:37:35', 27018.8, 3.3, 18.3, 22.7, 5.3, 17.8, 193.4, 55.8, 92.4)
2026-10-02 14:40:00 [ERROR] platform.subscriber_to_td: TDengine 插入失败: [0x060b]: Timestamp data out of range | SQL: INSERT INTO cems.loadtest_lt2 USING cems.cems_data TAGS ('loadtest', 'lt2') (ts, flow, dust, so2, nox, o2, velocity, temp, humidity, pressure) VALUES ('1970-01-01 15:37:36', 27035.2, 3.3, 18.3, 22.8, 5.4, 17.8, 193.4, 55.8, 92.5)
2026-10-02 14:40:00 [ERROR] platform.subscriber_to_td: 入库失败，重连 TDengine 后重试一次
2026-10-02 14:40:00 [INFO] platform.subscriber_to_td: TDengine 就绪: 库=cems, 超级表=cems_data
2026-10-02 14:40:00 [ERROR] platform.subscriber_to_td: TDengine 插入失败: [0x060b]: Timestamp data out of range | SQL: INSERT INTO cems.loadtest_lt2 USING cems.cems_data TAGS ('loadtest', 'lt2') (ts, flow, dust, so2, nox, o2, velocity, temp, humidity, pressure) VALUES ('1970-01-01 15:37:36', 27035.2, 3.3, 18.3, 22.8, 5.4, 17.8, 193.4, 55.8, 92.5)
2026-10-02 14:40:00 [ERROR] platform.subscriber_to_td: TDengine 插入失败: [0x060b]: Timestamp data out of range | SQL: INSERT INTO cems.loadtest_lt2 USING cems.cems_data TAGS ('loadtest', 'lt2') (ts, flow, dust, so2, nox, o2, velocity, temp, humidity, pressure) VALUES ('1970-01-01 15:37:37', 26997.3, 3.4, 18.4, 22.9, 5.4, 17.8, 193.3, 55.7, 92.4)
2026-10-02 14:40:00 [ERROR] platform.subscriber_to_td: 入库失败，重连 TDengine 后重试一次
2026-10-02 14:40:00 [INFO] platform.subscriber_to_td: TDengine 就绪: 库=cems, 超级表=cems_data
2026-10-02 14:40:00 [ERROR] platform.subscriber_to_td: TDengine 插入失败: [0x060b]: Timestamp data out of range | SQL: INSERT INTO cems.loadtest_lt2 USING cems.cems_data TAGS ('loadtest', 'lt2') (ts, flow, dust, so2, nox, o2, velocity, temp, humidity, pressure) VALUES ('1970-01-01 15:37:37', 26997.3, 3.4, 18.4, 22.9, 5.4, 17.8, 193.3, 55.7, 92.4)
2026-10-02 14:40:00 [ERROR] platform.subscriber_to_td: TDengine 插入失败: [0x060b]: Timestamp data out of range | SQL: INSERT INTO cems.loadtest_lt2 USING cems.cems_data TAGS ('loadtest', 'lt2') (ts, flow, dust, so2, nox, o2, velocity, temp, humidity, pressure) VALUES ('1970-01-01 15:37:38', 26908.4, 3.3, 18.4, 22.8, 5.4, 17.7, 192.9, 55.6, 92.4)
2026-10-02 14:40:00 [ERROR] platform.subscriber_to_td: 入库失败，重连 TDengine 后重试一次
2026-10-02 14:40:00 [INFO] platform.subscriber_to_td: TDengine 就绪: 库=cems, 超级表=cems_data
2026-10-02 14:40:00 [ERROR] platform.subscriber_to_td: TDengine 插入失败: [0x060b]: Timestamp data out of range | SQL: INSERT INTO cems.loadtest_lt2 USING cems.cems_data TAGS ('loadtest', 'lt2') (ts, flow, dust, so2, nox, o2, velocity, temp, humidity, pressure) VALUES ('1970-01-01 15:37:38', 26908.4, 3.3, 18.4, 22.8, 5.4, 17.7, 192.9, 55.6, 92.4)
2026-10-02 14:40:00 [ERROR] platform.subscriber_to_td: TDengine 插入失败: [0x060b]: Timestamp data out of range | SQL: INSERT INTO cems.loadtest_lt2 USING cems.cems_data TAGS ('loadtest', 'lt2') (ts, flow, dust, so2, nox, o2, velocity, temp, humidity, pressure) VALUES ('1970-01-01 15:37:39', 26775.9, 3.3, 18.3, 22.7, 5.5, 17.7, 192.2, 55.4, 92.4)
2026-10-02 14:40:00 [ERROR] platform.subscriber_to_td: 入库失败，重连 TDengine 后重试一次
2026-10-02 14:40:00 [INFO] platform.subscriber_to_td: TDengine 就绪: 库=cems, 超级表=cems_data
2026-10-02 14:40:00 [ERROR] platform.subscriber_to_td: TDengine 插入失败: [0x060b]: Timestamp data out of range | SQL: INSERT INTO cems.loadtest_lt2 USING cems.cems_data TAGS ('loadtest', 'lt2') (ts, flow, dust, so2, nox, o2, velocity, temp, humidity, pressure) VALUES ('1970-01-01 15:37:39', 26775.9, 3.3, 18.3, 22.7, 5.5, 17.7, 192.2, 55.4, 92.4)
2026-10-02 14:40:00 [ERROR] platform.subscriber_to_td: TDengine 插入失败: [0x060b]: Timestamp data out of range | SQL: INSERT INTO cems.loadtest_lt2 USING cems.cems_data TAGS ('loadtest', 'lt2') (ts, flow, dust, so2, nox, o2, velocity, temp, humidity, pressure) VALUES ('1970-01-01 15:37:40', 26610.8, 3.3, 18.1, 22.5, 5.5, 17.6, 191.5, 55.1, 92.3)
2026-10-02 14:40:00 [ERROR] platform.subscriber_to_td: 入库失败，重连 TDengine 后重试一次
2026-10-02 14:40:00 [INFO] platform.subscriber_to_td: TDengine 就绪: 库=cems, 超级表=cems_data
2026-10-02 14:40:00 [ERROR] platform.subscriber_to_td: TDengine 插入失败: [0x060b]: Timestamp data out of range | SQL: INSERT INTO cems.loadtest_lt2 USING cems.cems_data TAGS ('loadtest', 'lt2') (ts, flow, dust, so2, nox, o2, velocity, temp, humidity, pressure) VALUES ('1970-01-01 15:37:40', 26610.8, 3.3, 18.1, 22.5, 5.5, 17.6, 191.5, 55.1, 92.3)
2026-10-02 14:40:00 [ERROR] platform.subscriber_to_td: TDengine 插入失败: [0x060b]: Timestamp data out of range | SQL: INSERT INTO cems.loadtest_lt2 USING cems.cems_data TAGS ('loadtest', 'lt2') (ts, flow, dust, so2, nox, o2, velocity, temp, humidity, pressure) VALUES ('1970-01-01 15:37:41', 26426.9, 3.3, 18.0, 22.3, 5.5, 17.5, 190.6, 54.8, 92.3)
2026-10-02 14:40:00 [ERROR] platform.subscriber_to_td: 入库失败，重连 TDengine 后重试一次
2026-10-02 14:40:00 [INFO] platform.subscriber_to_td: TDengine 就绪: 库=cems, 超级表=cems_data
2026-10-02 14:40:00 [ERROR] platform.subscriber_to_td: TDengine 插入失败: [0x060b]: Timestamp data out of range | SQL: INSERT INTO cems.loadtest_lt2 USING cems.cems_data TAGS ('loadtest', 'lt2') (ts, flow, dust, so2, nox, o2, velocity, temp, humidity, pressure) VALUES ('1970-01-01 15:37:41', 26426.9, 3.3, 18.0, 22.3, 5.5, 17.5, 190.6, 54.8, 92.3)
2026-10-02 14:40:00 [ERROR] platform.subscriber_to_td: TDengine 插入失败: [0x060b]: Timestamp data out of range | SQL: INSERT INTO cems.loadtest_lt2 USING cems.cems_data TAGS ('loadtest', 'lt2') (ts, flow, dust, so2, nox, o2, velocity, temp, humidity, pressure) VALUES ('1970-01-01 15:37:42', 26239.5, 3.3, 17.8, 22.1, 5.5, 17.4, 189.8, 54.6, 92.2)
2026-10-02 14:40:00 [ERROR] platform.subscriber_to_td: 入库失败，重连 TDengine 后重试一次
2026-10-02 14:40:00 [INFO] platform.subscriber_to_td: TDengine 就绪: 库=cems, 超级表=cems_data
2026-10-02 14:40:00 [ERROR] platform.subscriber_to_td: TDengine 插入失败: [0x060b]: Timestamp data out of range | SQL: INSERT INTO cems.loadtest_lt2 USING cems.cems_data TAGS ('loadtest', 'lt2') (ts, flow, dust, so2, nox, o2, velocity, temp, humidity, pressure) VALUES ('1970-01-01 15:37:42', 26239.5, 3.3, 17.8, 22.1, 5.5, 17.4, 189.8, 54.6, 92.2)
2026-10-02 14:40:00 [ERROR] platform.subscriber_to_td: TDengine 插入失败: [0x060b]: Timestamp data out of range | SQL: INSERT INTO cems.loadtest_lt2 USING cems.cems_data TAGS ('loadtest', 'lt2') (ts, flow, dust, so2, nox, o2, velocity, temp, humidity, pressure) VALUES ('1970-01-01 15:37:43', 26064.3, 3.3, 17.7, 21.9, 5.5, 17.4, 189.0, 54.3, 92.2)
2026-10-02 14:40:00 [ERROR] platform.subscriber_to_td: 入库失败，重连 TDengine 后重试一次
2026-10-02 14:40:00 [INFO] platform.subscriber_to_td: TDengine 就绪: 库=cems, 超级表=cems_data
2026-10-02 14:40:00 [ERROR] platform.subscriber_to_td: TDengine 插入失败: [0x060b]: Timestamp data out of range | SQL: INSERT INTO cems.loadtest_lt2 USING cems.cems_data TAGS ('loadtest', 'lt2') (ts, flow, dust, so2, nox, o2, velocity, temp, humidity, pressure) VALUES ('1970-01-01 15:37:43', 26064.3, 3.3, 17.7, 21.9, 5.5, 17.4, 189.0, 54.3, 92.2)
2026-10-02 14:40:00 [ERROR] platform.subscriber_to_td: TDengine 插入失败: [0x060b]: Timestamp data out of range | SQL: INSERT INTO cems.loadtest_lt2 USING cems.cems_data TAGS ('loadtest', 'lt2') (ts, flow, dust, so2, nox, o2, velocity, temp, humidity, pressure) VALUES ('1970-01-01 15:37:44', 25915.9, 3.2, 17.6, 21.8, 5.5, 17.3, 188.3, 54.1, 92.1)
2026-10-02 14:40:00 [ERROR] platform.subscriber_to_td: 入库失败，重连 TDengine 后重试一次
2026-10-02 14:40:00 [INFO] platform.subscriber_to_td: TDengine 就绪: 库=cems, 超级表=cems_data
2026-10-02 14:40:00 [ERROR] platform.subscriber_to_td: TDengine 插入失败: [0x060b]: Timestamp data out of range | SQL: INSERT INTO cems.loadtest_lt2 USING cems.cems_data TAGS ('loadtest', 'lt2') (ts, flow, dust, so2, nox, o2, velocity, temp, humidity, pressure) VALUES ('1970-01-01 15:37:44', 25915.9, 3.2, 17.6, 21.8, 5.5, 17.3, 188.3, 54.1, 92.1)
2026-10-02 14:40:00 [ERROR] platform.subscriber_to_td: TDengine 插入失败: [0x060b]: Timestamp data out of range | SQL: INSERT INTO cems.loadtest_lt2 USING cems.cems_data TAGS ('loadtest', 'lt2') (ts, flow, dust, so2, nox, o2, velocity, temp, humidity, pressure) VALUES ('1970-01-01 15:37:45', 25806.7, 3.2, 17.5, 21.7, 5.5, 17.2, 187.8, 53.9, 92.1)
2026-10-02 14:40:00 [ERROR] platform.subscriber_to_td: 入库失败，重连 TDengine 后重试一次
2026-10-02 14:40:00 [INFO] platform.subscriber_to_td: TDengine 就绪: 库=cems, 超级表=cems_data
2026-10-02 14:40:00 [ERROR] platform.subscriber_to_td: TDengine 插入失败: [0x060b]: Timestamp data out of range | SQL: INSERT INTO cems.loadtest_lt2 USING cems.cems_data TAGS ('loadtest', 'lt2') (ts, flow, dust, so2, nox, o2, velocity, temp, humidity, pressure) VALUES ('1970-01-01 15:37:45', 25806.7, 3.2, 17.5, 21.7, 5.5, 17.2, 187.8, 53.9, 92.1)
2026-10-02 14:40:00 [ERROR] platform.subscriber_to_td: TDengine 插入失败: [0x060b]: Timestamp data out of range | SQL: INSERT INTO cems.loadtest_lt2 USING cems.cems_data TAGS ('loadtest', 'lt2') (ts, flow, dust, so2, nox, o2, velocity, temp, humidity, pressure) VALUES ('1970-01-01 15:37:46', 25745.7, 3.2, 17.5, 21.7, 5.4, 17.2, 187.5, 53.8, 92.1)
2026-10-02 14:40:00 [ERROR] platform.subscriber_to_td: 入库失败，重连 TDengine 后重试一次
2026-10-02 14:40:00 [INFO] platform.subscriber_to_td: TDengine 就绪: 库=cems, 超级表=cems_data
2026-10-02 14:40:00 [ERROR] platform.subscriber_to_td: TDengine 插入失败: [0x060b]: Timestamp data out of range | SQL: INSERT INTO cems.loadtest_lt2 USING cems.cems_data TAGS ('loadtest', 'lt2') (ts, flow, dust, so2, nox, o2, velocity, temp, humidity, pressure) VALUES ('1970-01-01 15:37:46', 25745.7, 3.2, 17.5, 21.7, 5.4, 17.2, 187.5, 53.8, 92.1)
2026-10-02 14:40:00 [INFO] platform.subscriber_to_td: 折算值抽样（第 40 条，已按 HJ 212-2025 §8.1.1 d) 的规则处理：无法折算时传缺省类型最大值哨兵 9999.99；⚠️ 注意这是【规则对齐】，本项目出站报文体仍是内部简化格式，不是 HJ212 报文）: 标干 ts=2026-10-02 21:34:13 O2=4.5000 -> dust=2.6364 so2=13.7273 nox=16.5455
2026-10-02 14:40:00 [INFO] platform.subscriber_to_td: 折算值抽样（第 60 条，已按 HJ 212-2025 §8.1.1 d) 的规则处理：无法折算时传缺省类型最大值哨兵 9999.99；⚠️ 注意这是【规则对齐】，本项目出站报文体仍是内部简化格式，不是 HJ212 报文）: 标干 ts=2026-10-02 21:34:33 O2=4.6000 -> dust=2.5610 so2=13.6280 nox=16.2805
2026-10-02 14:40:00 [INFO] platform.subscriber_to_td: 折算值抽样（第 80 条，已按 HJ 212-2025 §8.1.1 d) 的规则处理：无法折算时传缺省类型最大值哨兵 9999.99；⚠️ 注意这是【规则对齐】，本项目出站报文体仍是内部简化格式，不是 HJ212 报文）: 标干 ts=2026-10-02 21:28:27 O2=4.6000 -> dust=2.7439 so2=14.3598 nox=17.3780
2026-10-02 14:40:00 [INFO] platform.subscriber_to_td: 折算值抽样（第 100 条，已按 HJ 212-2025 §8.1.1 d) 的规则处理：无法折算时传缺省类型最大值哨兵 9999.99；⚠️ 注意这是【规则对齐】，本项目出站报文体仍是内部简化格式，不是 HJ212 报文）: 标干 ts=2026-10-02 21:28:47 O2=4.4000 -> dust=2.6205 so2=13.9157 nox=16.8976
2026-10-02 14:40:00 [INFO] platform.subscriber_to_td: 折算值抽样（第 120 条，已按 HJ 212-2025 §8.1.1 d) 的规则处理：无法折算时传缺省类型最大值哨兵 9999.99；⚠️ 注意这是【规则对齐】，本项目出站报文体仍是内部简化格式，不是 HJ212 报文）: 标干 ts=2026-10-02 21:33:02 O2=4.6000 -> dust=2.6524 so2=14.2683 nox=17.1951
2026-10-02 14:40:00 [INFO] platform.subscriber_to_td: 折算值抽样（第 140 条，已按 HJ 212-2025 §8.1.1 d) 的规则处理：无法折算时传缺省类型最大值哨兵 9999.99；⚠️ 注意这是【规则对齐】，本项目出站报文体仍是内部简化格式，不是 HJ212 报文）: 标干 ts=2026-10-02 21:38:28 O2=4.6000 -> dust=2.6524 so2=13.9939 nox=16.8293
2026-10-02 14:40:00 [INFO] platform.subscriber_to_td: 折算值抽样（第 160 条，已按 HJ 212-2025 §8.1.1 d) 的规则处理：无法折算时传缺省类型最大值哨兵 9999.99；⚠️ 注意这是【规则对齐】，本项目出站报文体仍是内部简化格式，不是 HJ212 报文）: 标干 ts=2026-10-02 21:38:48 O2=4.5000 -> dust=2.6364 so2=13.5455 nox=16.2727
2026-10-02 14:40:00 [INFO] platform.subscriber_to_td: 折算值抽样（第 180 条，已按 HJ 212-2025 §8.1.1 d) 的规则处理：无法折算时传缺省类型最大值哨兵 9999.99；⚠️ 注意这是【规则对齐】，本项目出站报文体仍是内部简化格式，不是 HJ212 报文）: 标干 ts=2026-10-02 21:29:45 O2=4.6000 -> dust=2.5610 so2=13.5366 nox=16.2805
2026-10-02 14:40:00 [INFO] platform.subscriber_to_td: 折算值抽样（第 200 条，已按 HJ 212-2025 §8.1.1 d) 的规则处理：无法折算时传缺省类型最大值哨兵 9999.99；⚠️ 注意这是【规则对齐】，本项目出站报文体仍是内部简化格式，不是 HJ212 报文）: 标干 ts=2026-10-02 21:30:05 O2=4.4000 -> dust=2.6205 so2=13.6446 nox=16.4458
2026-10-02 14:40:00 [INFO] platform.subscriber_to_td: 折算值抽样（第 220 条，已按 HJ 212-2025 §8.1.1 d) 的规则处理：无法折算时传缺省类型最大值哨兵 9999.99；⚠️ 注意这是【规则对齐】，本项目出站报文体仍是内部简化格式，不是 HJ212 报文）: 标干 ts=2026-10-02 21:31:39 O2=4.5000 -> dust=2.6364 so2=13.9091 nox=16.7273
2026-10-02 14:40:00 [INFO] platform.subscriber_to_td: 折算值抽样（第 240 条，已按 HJ 212-2025 §8.1.1 d) 的规则处理：无法折算时传缺省类型最大值哨兵 9999.99；⚠️ 注意这是【规则对齐】，本项目出站报文体仍是内部简化格式，不是 HJ212 报文）: 标干 ts=2026-10-02 21:35:55 O2=4.6000 -> dust=2.6524 so2=13.9939 nox=16.8293
2026-10-02 14:40:00 [INFO] platform.subscriber_to_td: 折算值抽样（第 260 条，已按 HJ 212-2025 §8.1.1 d) 的规则处理：无法折算时传缺省类型最大值哨兵 9999.99；⚠️ 注意这是【规则对齐】，本项目出站报文体仍是内部简化格式，不是 HJ212 报文）: 标干 ts=2026-10-02 21:36:15 O2=4.4000 -> dust=2.6205 so2=13.4639 nox=16.1747
2026-10-02 14:40:21 [INFO] platform.subscriber_to_td: 折算值抽样（第 280 条，已按 HJ 212-2025 §8.1.1 d) 的规则处理：无法折算时传缺省类型最大值哨兵 9999.99；⚠️ 注意这是【规则对齐】，本项目出站报文体仍是内部简化格式，不是 HJ212 报文）: 标干 ts=2026-10-02 21:40:21 O2=4.5000 -> dust=2.7273 so2=14.2727 nox=17.3636
