2026-10-02 15:21:51 [INFO] platform.subscriber_to_td: 本实例负责: 主题 cems/loadtest/device4/data → 子表 loadtest_lt4（plant=loadtest, device=lt4）
2026-10-02 15:21:51 [INFO] platform.subscriber_to_td: TDengine 就绪: 库=cems, 超级表=cems_data
2026-10-02 15:21:51 [INFO] platform.subscriber_to_td: 告警表就绪: cems_alarm_event / cems_hourly_verdict / cems_alarm_push
2026-10-02 15:21:51 [WARNING] platform.subscriber_to_td: ALARM_ENABLE=0：本次不判超标（只入库、只算折算值）
2026-10-02 15:21:51 [INFO] platform.subscriber_to_td: 等待 MQTT 数据...（Ctrl+C 停止）
2026-10-02 15:21:52 [INFO] platform.subscriber_to_td: MQTT 已连接: 127.0.0.1:1883（会话恢复=True）
2026-10-02 15:21:52 [INFO] platform.subscriber_to_td: 已订阅主题: cems/loadtest/device4/data (QoS=1)
2026-10-02 15:21:52 [INFO] platform.subscriber_to_td: 折算值抽样（第 1 条，已按 HJ 212-2025 §8.1.1 d) 的规则处理：无法折算时传缺省类型最大值哨兵 9999.99；⚠️ 注意这是【规则对齐】，本项目出站报文体仍是内部简化格式，不是 HJ212 报文）: 标干 ts=2026-10-02 22:16:04 O2=3.7000 -> dust=2.2543 so2=19.3353 nox=30.3468
2026-10-02 15:21:52 [INFO] platform.subscriber_to_td: 折算值抽样（第 20 条，已按 HJ 212-2025 §8.1.1 d) 的规则处理：无法折算时传缺省类型最大值哨兵 9999.99；⚠️ 注意这是【规则对齐】，本项目出站报文体仍是内部简化格式，不是 HJ212 报文）: 标干 ts=2026-10-02 22:16:23 O2=3.7000 -> dust=2.3410 so2=19.4220 nox=30.4335
2026-10-02 15:21:52 [INFO] platform.subscriber_to_td: 折算值抽样（第 40 条，已按 HJ 212-2025 §8.1.1 d) 的规则处理：无法折算时传缺省类型最大值哨兵 9999.99；⚠️ 注意这是【规则对齐】，本项目出站报文体仍是内部简化格式，不是 HJ212 报文）: 标干 ts=2026-10-02 22:21:17 O2=3.8000 -> dust=2.2674 so2=19.0116 nox=29.8256
2026-10-02 15:21:53 [INFO] platform.subscriber_to_td: 折算值抽样（第 60 条，已按 HJ 212-2025 §8.1.1 d) 的规则处理：无法折算时传缺省类型最大值哨兵 9999.99；⚠️ 注意这是【规则对齐】，本项目出站报文体仍是内部简化格式，不是 HJ212 报文）: 标干 ts=2026-10-02 22:14:55 O2=3.9000 -> dust=2.2807 so2=19.4737 nox=30.5263
2026-10-02 15:21:53 [INFO] platform.subscriber_to_td: 折算值抽样（第 80 条，已按 HJ 212-2025 §8.1.1 d) 的规则处理：无法折算时传缺省类型最大值哨兵 9999.99；⚠️ 注意这是【规则对齐】，本项目出站报文体仍是内部简化格式，不是 HJ212 报文）: 标干 ts=2026-10-02 22:15:15 O2=3.8000 -> dust=2.2674 so2=19.5349 nox=30.6105
2026-10-02 15:21:53 [INFO] platform.subscriber_to_td: 折算值抽样（第 100 条，已按 HJ 212-2025 §8.1.1 d) 的规则处理：无法折算时传缺省类型最大值哨兵 9999.99；⚠️ 注意这是【规则对齐】，本项目出站报文体仍是内部简化格式，不是 HJ212 报文）: 标干 ts=2026-10-02 22:15:35 O2=3.7000 -> dust=2.2543 so2=19.1618 nox=30.0000
2026-10-02 15:21:53 [INFO] platform.subscriber_to_td: 折算值抽样（第 120 条，已按 HJ 212-2025 §8.1.1 d) 的规则处理：无法折算时传缺省类型最大值哨兵 9999.99；⚠️ 注意这是【规则对齐】，本项目出站报文体仍是内部简化格式，不是 HJ212 报文）: 标干 ts=2026-10-02 22:04:54 O2=3.7000 -> dust=2.1676 so2=18.5549 nox=29.2197
2026-10-02 15:21:53 [INFO] platform.subscriber_to_td: 折算值抽样（第 140 条，已按 HJ 212-2025 §8.1.1 d) 的规则处理：无法折算时传缺省类型最大值哨兵 9999.99；⚠️ 注意这是【规则对齐】，本项目出站报文体仍是内部简化格式，不是 HJ212 报文）: 标干 ts=2026-10-02 22:04:58 O2=3.8000 -> dust=2.2674 so2=18.9244 nox=29.7384
2026-10-02 15:21:54 [INFO] platform.subscriber_to_td: 折算值抽样（第 160 条，已按 HJ 212-2025 §8.1.1 d) 的规则处理：无法折算时传缺省类型最大值哨兵 9999.99；⚠️ 注意这是【规则对齐】，本项目出站报文体仍是内部简化格式，不是 HJ212 报文）: 标干 ts=2026-10-02 22:05:02 O2=3.8000 -> dust=2.2674 so2=19.3605 nox=30.3488
2026-10-02 15:21:54 [INFO] platform.subscriber_to_td: 折算值抽样（第 180 条，已按 HJ 212-2025 §8.1.1 d) 的规则处理：无法折算时传缺省类型最大值哨兵 9999.99；⚠️ 注意这是【规则对齐】，本项目出站报文体仍是内部简化格式，不是 HJ212 报文）: 标干 ts=2026-10-02 22:05:06 O2=3.7000 -> dust=2.2543 so2=19.1618 nox=30.0000
2026-10-02 15:21:54 [INFO] platform.subscriber_to_td: 折算值抽样（第 200 条，已按 HJ 212-2025 §8.1.1 d) 的规则处理：无法折算时传缺省类型最大值哨兵 9999.99；⚠️ 注意这是【规则对齐】，本项目出站报文体仍是内部简化格式，不是 HJ212 报文）: 标干 ts=2026-10-02 22:05:10 O2=3.7000 -> dust=2.1676 so2=18.6416 nox=29.3064
2026-10-02 15:21:54 [INFO] platform.subscriber_to_td: 折算值抽样（第 220 条，已按 HJ 212-2025 §8.1.1 d) 的规则处理：无法折算时传缺省类型最大值哨兵 9999.99；⚠️ 注意这是【规则对齐】，本项目出站报文体仍是内部简化格式，不是 HJ212 报文）: 标干 ts=2026-10-02 22:05:14 O2=3.8000 -> dust=2.1802 so2=18.8372 nox=29.5640
2026-10-02 15:21:54 [INFO] platform.subscriber_to_td: 折算值抽样（第 240 条，已按 HJ 212-2025 §8.1.1 d) 的规则处理：无法折算时传缺省类型最大值哨兵 9999.99；⚠️ 注意这是【规则对齐】，本项目出站报文体仍是内部简化格式，不是 HJ212 报文）: 标干 ts=2026-10-02 22:05:18 O2=3.8000 -> dust=2.2674 so2=19.2733 nox=30.2616
2026-10-02 15:21:54 [INFO] platform.subscriber_to_td: 折算值抽样（第 260 条，已按 HJ 212-2025 §8.1.1 d) 的规则处理：无法折算时传缺省类型最大值哨兵 9999.99；⚠️ 注意这是【规则对齐】，本项目出站报文体仍是内部简化格式，不是 HJ212 报文）: 标干 ts=2026-10-02 22:05:22 O2=3.6000 -> dust=2.2414 so2=19.1379 nox=30.0000
2026-10-02 15:21:54 [INFO] platform.subscriber_to_td: 折算值抽样（第 280 条，已按 HJ 212-2025 §8.1.1 d) 的规则处理：无法折算时传缺省类型最大值哨兵 9999.99；⚠️ 注意这是【规则对齐】，本项目出站报文体仍是内部简化格式，不是 HJ212 报文）: 标干 ts=2026-10-02 22:18:49 O2=3.9000 -> dust=2.2807 so2=19.0351 nox=29.9123
2026-10-02 15:21:54 [INFO] platform.subscriber_to_td: 折算值抽样（第 300 条，已按 HJ 212-2025 §8.1.1 d) 的规则处理：无法折算时传缺省类型最大值哨兵 9999.99；⚠️ 注意这是【规则对齐】，本项目出站报文体仍是内部简化格式，不是 HJ212 报文）: 标干 ts=2026-10-02 22:06:17 O2=3.8000 -> dust=2.1802 so2=18.8372 nox=29.6512
2026-10-02 15:21:54 [INFO] platform.subscriber_to_td: 折算值抽样（第 320 条，已按 HJ 212-2025 §8.1.1 d) 的规则处理：无法折算时传缺省类型最大值哨兵 9999.99；⚠️ 注意这是【规则对齐】，本项目出站报文体仍是内部简化格式，不是 HJ212 报文）: 标干 ts=2026-10-02 22:06:21 O2=3.7000 -> dust=2.1676 so2=18.6416 nox=29.3064
2026-10-02 15:21:54 [INFO] platform.subscriber_to_td: 折算值抽样（第 340 条，已按 HJ 212-2025 §8.1.1 d) 的规则处理：无法折算时传缺省类型最大值哨兵 9999.99；⚠️ 注意这是【规则对齐】，本项目出站报文体仍是内部简化格式，不是 HJ212 报文）: 标干 ts=2026-10-02 22:06:25 O2=3.7000 -> dust=2.2543 so2=19.0751 nox=30.0000
2026-10-02 15:21:54 [INFO] platform.subscriber_to_td: 折算值抽样（第 360 条，已按 HJ 212-2025 §8.1.1 d) 的规则处理：无法折算时传缺省类型最大值哨兵 9999.99；⚠️ 注意这是【规则对齐】，本项目出站报文体仍是内部简化格式，不是 HJ212 报文）: 标干 ts=2026-10-02 22:06:29 O2=3.8000 -> dust=2.2674 so2=19.4477 nox=30.4360
2026-10-02 15:21:54 [INFO] platform.subscriber_to_td: 折算值抽样（第 380 条，已按 HJ 212-2025 §8.1.1 d) 的规则处理：无法折算时传缺省类型最大值哨兵 9999.99；⚠️ 注意这是【规则对齐】，本项目出站报文体仍是内部简化格式，不是 HJ212 报文）: 标干 ts=2026-10-02 22:06:33 O2=3.8000 -> dust=2.2674 so2=19.0116 nox=29.8256
2026-10-02 15:21:55 [INFO] platform.subscriber_to_td: 折算值抽样（第 400 条，已按 HJ 212-2025 §8.1.1 d) 的规则处理：无法折算时传缺省类型最大值哨兵 9999.99；⚠️ 注意这是【规则对齐】，本项目出站报文体仍是内部简化格式，不是 HJ212 报文）: 标干 ts=2026-10-02 22:06:37 O2=3.7000 -> dust=2.1676 so2=18.5549 nox=29.2197
2026-10-02 15:21:55 [INFO] platform.subscriber_to_td: 折算值抽样（第 420 条，已按 HJ 212-2025 §8.1.1 d) 的规则处理：无法折算时传缺省类型最大值哨兵 9999.99；⚠️ 注意这是【规则对齐】，本项目出站报文体仍是内部简化格式，不是 HJ212 报文）: 标干 ts=2026-10-02 22:06:41 O2=3.7000 -> dust=2.2543 so2=18.9884 nox=29.7399
2026-10-02 15:21:55 [INFO] platform.subscriber_to_td: 折算值抽样（第 440 条，已按 HJ 212-2025 §8.1.1 d) 的规则处理：无法折算时传缺省类型最大值哨兵 9999.99；⚠️ 注意这是【规则对齐】，本项目出站报文体仍是内部简化格式，不是 HJ212 报文）: 标干 ts=2026-10-02 22:07:22 O2=3.7000 -> dust=2.2543 so2=19.1618 nox=30.0000
2026-10-02 15:21:55 [INFO] platform.subscriber_to_td: 折算值抽样（第 460 条，已按 HJ 212-2025 §8.1.1 d) 的规则处理：无法折算时传缺省类型最大值哨兵 9999.99；⚠️ 注意这是【规则对齐】，本项目出站报文体仍是内部简化格式，不是 HJ212 报文）: 标干 ts=2026-10-02 22:07:26 O2=3.7000 -> dust=2.1676 so2=18.6416 nox=29.3064
2026-10-02 15:21:55 [INFO] platform.subscriber_to_td: 折算值抽样（第 480 条，已按 HJ 212-2025 §8.1.1 d) 的规则处理：无法折算时传缺省类型最大值哨兵 9999.99；⚠️ 注意这是【规则对齐】，本项目出站报文体仍是内部简化格式，不是 HJ212 报文）: 标干 ts=2026-10-02 22:07:30 O2=3.8000 -> dust=2.1802 so2=18.8372 nox=29.6512
2026-10-02 15:21:55 [INFO] platform.subscriber_to_td: 折算值抽样（第 500 条，已按 HJ 212-2025 §8.1.1 d) 的规则处理：无法折算时传缺省类型最大值哨兵 9999.99；⚠️ 注意这是【规则对齐】，本项目出站报文体仍是内部简化格式，不是 HJ212 报文）: 标干 ts=2026-10-02 22:07:34 O2=3.8000 -> dust=2.2674 so2=19.3605 nox=30.3488
2026-10-02 15:21:55 [INFO] platform.subscriber_to_td: 折算值抽样（第 520 条，已按 HJ 212-2025 §8.1.1 d) 的规则处理：无法折算时传缺省类型最大值哨兵 9999.99；⚠️ 注意这是【规则对齐】，本项目出站报文体仍是内部简化格式，不是 HJ212 报文）: 标干 ts=2026-10-02 22:07:38 O2=3.7000 -> dust=2.2543 so2=19.2486 nox=30.1734
2026-10-02 15:21:55 [INFO] platform.subscriber_to_td: 折算值抽样（第 540 条，已按 HJ 212-2025 §8.1.1 d) 的规则处理：无法折算时传缺省类型最大值哨兵 9999.99；⚠️ 注意这是【规则对齐】，本项目出站报文体仍是内部简化格式，不是 HJ212 报文）: 标干 ts=2026-10-02 22:07:42 O2=3.7000 -> dust=2.1676 so2=18.7283 nox=29.4798
2026-10-02 15:21:55 [INFO] platform.subscriber_to_td: 折算值抽样（第 560 条，已按 HJ 212-2025 §8.1.1 d) 的规则处理：无法折算时传缺省类型最大值哨兵 9999.99；⚠️ 注意这是【规则对齐】，本项目出站报文体仍是内部简化格式，不是 HJ212 报文）: 标干 ts=2026-10-02 22:07:46 O2=3.8000 -> dust=2.1802 so2=18.7500 nox=29.4767
2026-10-02 15:21:55 [INFO] platform.subscriber_to_td: 折算值抽样（第 580 条，已按 HJ 212-2025 §8.1.1 d) 的规则处理：无法折算时传缺省类型最大值哨兵 9999.99；⚠️ 注意这是【规则对齐】，本项目出站报文体仍是内部简化格式，不是 HJ212 报文）: 标干 ts=2026-10-02 22:07:50 O2=3.8000 -> dust=2.2674 so2=19.2733 nox=30.1744
2026-10-02 15:21:55 [INFO] platform.subscriber_to_td: 折算值抽样（第 600 条，已按 HJ 212-2025 §8.1.1 d) 的规则处理：无法折算时传缺省类型最大值哨兵 9999.99；⚠️ 注意这是【规则对齐】，本项目出站报文体仍是内部简化格式，不是 HJ212 报文）: 标干 ts=2026-10-02 22:08:35 O2=3.8000 -> dust=2.1802 so2=18.7500 nox=29.4767
2026-10-02 15:21:56 [INFO] platform.subscriber_to_td: 折算值抽样（第 620 条，已按 HJ 212-2025 §8.1.1 d) 的规则处理：无法折算时传缺省类型最大值哨兵 9999.99；⚠️ 注意这是【规则对齐】，本项目出站报文体仍是内部简化格式，不是 HJ212 报文）: 标干 ts=2026-10-02 22:08:39 O2=3.7000 -> dust=2.2543 so2=18.9017 nox=29.6532
2026-10-02 15:21:56 [INFO] platform.subscriber_to_td: 折算值抽样（第 640 条，已按 HJ 212-2025 §8.1.1 d) 的规则处理：无法折算时传缺省类型最大值哨兵 9999.99；⚠️ 注意这是【规则对齐】，本项目出站报文体仍是内部简化格式，不是 HJ212 报文）: 标干 ts=2026-10-02 22:08:43 O2=3.7000 -> dust=2.2543 so2=19.3353 nox=30.2601
2026-10-02 15:21:56 [INFO] platform.subscriber_to_td: 折算值抽样（第 660 条，已按 HJ 212-2025 §8.1.1 d) 的规则处理：无法折算时传缺省类型最大值哨兵 9999.99；⚠️ 注意这是【规则对齐】，本项目出站报文体仍是内部简化格式，不是 HJ212 报文）: 标干 ts=2026-10-02 22:08:47 O2=3.8000 -> dust=2.2674 so2=19.2733 nox=30.1744
2026-10-02 15:21:56 [INFO] platform.subscriber_to_td: 折算值抽样（第 680 条，已按 HJ 212-2025 §8.1.1 d) 的规则处理：无法折算时传缺省类型最大值哨兵 9999.99；⚠️ 注意这是【规则对齐】，本项目出站报文体仍是内部简化格式，不是 HJ212 报文）: 标干 ts=2026-10-02 22:08:51 O2=3.8000 -> dust=2.1802 so2=18.7500 nox=29.5640
2026-10-02 15:21:56 [INFO] platform.subscriber_to_td: 折算值抽样（第 700 条，已按 HJ 212-2025 §8.1.1 d) 的规则处理：无法折算时传缺省类型最大值哨兵 9999.99；⚠️ 注意这是【规则对齐】，本项目出站报文体仍是内部简化格式，不是 HJ212 报文）: 标干 ts=2026-10-02 22:08:55 O2=3.7000 -> dust=2.1676 so2=18.7283 nox=29.4798
2026-10-02 15:21:56 [INFO] platform.subscriber_to_td: 折算值抽样（第 720 条，已按 HJ 212-2025 §8.1.1 d) 的规则处理：无法折算时传缺省类型最大值哨兵 9999.99；⚠️ 注意这是【规则对齐】，本项目出站报文体仍是内部简化格式，不是 HJ212 报文）: 标干 ts=2026-10-02 22:08:59 O2=3.7000 -> dust=2.2543 so2=19.2486 nox=30.1734
2026-10-02 15:21:56 [INFO] platform.subscriber_to_td: 折算值抽样（第 740 条，已按 HJ 212-2025 §8.1.1 d) 的规则处理：无法折算时传缺省类型最大值哨兵 9999.99；⚠️ 注意这是【规则对齐】，本项目出站报文体仍是内部简化格式，不是 HJ212 报文）: 标干 ts=2026-10-02 21:44:33 O2=3.8000 -> dust=2.1802 so2=18.4884 nox=29.1279
2026-10-02 15:21:56 [INFO] platform.subscriber_to_td: 折算值抽样（第 760 条，已按 HJ 212-2025 §8.1.1 d) 的规则处理：无法折算时传缺省类型最大值哨兵 9999.99；⚠️ 注意这是【规则对齐】，本项目出站报文体仍是内部简化格式，不是 HJ212 报文）: 标干 ts=2026-10-02 22:19:45 O2=3.8000 -> dust=2.2674 so2=19.5349 nox=30.6105
2026-10-02 15:21:56 [INFO] platform.subscriber_to_td: 折算值抽样（第 780 条，已按 HJ 212-2025 §8.1.1 d) 的规则处理：无法折算时传缺省类型最大值哨兵 9999.99；⚠️ 注意这是【规则对齐】，本项目出站报文体仍是内部简化格式，不是 HJ212 报文）: 标干 ts=2026-10-02 22:19:49 O2=3.9000 -> dust=2.2807 so2=19.4737 nox=30.6140
2026-10-02 15:21:57 [INFO] platform.subscriber_to_td: 折算值抽样（第 800 条，已按 HJ 212-2025 §8.1.1 d) 的规则处理：无法折算时传缺省类型最大值哨兵 9999.99；⚠️ 注意这是【规则对齐】，本项目出站报文体仍是内部简化格式，不是 HJ212 报文）: 标干 ts=2026-10-02 22:19:53 O2=3.8000 -> dust=2.1802 so2=18.9244 nox=29.7384
2026-10-02 15:21:57 [INFO] platform.subscriber_to_td: 折算值抽样（第 820 条，已按 HJ 212-2025 §8.1.1 d) 的规则处理：无法折算时传缺省类型最大值哨兵 9999.99；⚠️ 注意这是【规则对齐】，本项目出站报文体仍是内部简化格式，不是 HJ212 报文）: 标干 ts=2026-10-02 22:19:57 O2=3.7000 -> dust=2.2543 so2=18.8150 nox=29.5665
2026-10-02 15:21:57 [INFO] platform.subscriber_to_td: 折算值抽样（第 840 条，已按 HJ 212-2025 §8.1.1 d) 的规则处理：无法折算时传缺省类型最大值哨兵 9999.99；⚠️ 注意这是【规则对齐】，本项目出站报文体仍是内部简化格式，不是 HJ212 报文）: 标干 ts=2026-10-02 22:20:01 O2=3.9000 -> dust=2.2807 so2=19.5614 nox=30.6140
2026-10-02 15:21:57 [INFO] platform.subscriber_to_td: 折算值抽样（第 860 条，已按 HJ 212-2025 §8.1.1 d) 的规则处理：无法折算时传缺省类型最大值哨兵 9999.99；⚠️ 注意这是【规则对齐】，本项目出站报文体仍是内部简化格式，不是 HJ212 报文）: 标干 ts=2026-10-02 22:20:05 O2=3.9000 -> dust=2.2807 so2=19.5614 nox=30.7018
2026-10-02 15:21:57 [INFO] platform.subscriber_to_td: 折算值抽样（第 880 条，已按 HJ 212-2025 §8.1.1 d) 的规则处理：无法折算时传缺省类型最大值哨兵 9999.99；⚠️ 注意这是【规则对齐】，本项目出站报文体仍是内部简化格式，不是 HJ212 报文）: 标干 ts=2026-10-02 22:20:09 O2=3.7000 -> dust=2.2543 so2=18.9017 nox=29.6532
2026-10-02 15:21:57 [INFO] platform.subscriber_to_td: 折算值抽样（第 900 条，已按 HJ 212-2025 §8.1.1 d) 的规则处理：无法折算时传缺省类型最大值哨兵 9999.99；⚠️ 注意这是【规则对齐】，本项目出站报文体仍是内部简化格式，不是 HJ212 报文）: 标干 ts=2026-10-02 22:20:13 O2=3.7000 -> dust=2.1676 so2=18.7283 nox=29.4798
