2026-10-02 15:21:51 [INFO] platform.subscriber_to_td: 本实例负责: 主题 cems/loadtest/device6/data → 子表 loadtest_lt6（plant=loadtest, device=lt6）
2026-10-02 15:21:51 [INFO] platform.subscriber_to_td: TDengine 就绪: 库=cems, 超级表=cems_data
2026-10-02 15:21:51 [INFO] platform.subscriber_to_td: 告警表就绪: cems_alarm_event / cems_hourly_verdict / cems_alarm_push
2026-10-02 15:21:51 [WARNING] platform.subscriber_to_td: ALARM_ENABLE=0：本次不判超标（只入库、只算折算值）
2026-10-02 15:21:51 [INFO] platform.subscriber_to_td: 等待 MQTT 数据...（Ctrl+C 停止）
2026-10-02 15:21:52 [INFO] platform.subscriber_to_td: MQTT 已连接: 127.0.0.1:1883（会话恢复=True）
2026-10-02 15:21:52 [INFO] platform.subscriber_to_td: 已订阅主题: cems/loadtest/device6/data (QoS=1)
2026-10-02 15:21:52 [INFO] platform.subscriber_to_td: 折算值抽样（第 1 条，已按 HJ 212-2025 §8.1.1 d) 的规则处理：无法折算时传缺省类型最大值哨兵 9999.99；⚠️ 注意这是【规则对齐】，本项目出站报文体仍是内部简化格式，不是 HJ212 报文）: 标干 ts=2026-10-02 22:18:30 O2=4.0000 -> dust=3.1765 so2=15.6176 nox=29.3824
2026-10-02 15:21:52 [INFO] platform.subscriber_to_td: 折算值抽样（第 20 条，已按 HJ 212-2025 §8.1.1 d) 的规则处理：无法折算时传缺省类型最大值哨兵 9999.99；⚠️ 注意这是【规则对齐】，本项目出站报文体仍是内部简化格式，不是 HJ212 报文）: 标干 ts=2026-10-02 22:18:49 O2=4.1000 -> dust=3.1953 so2=15.4438 nox=29.1124
2026-10-02 15:21:52 [INFO] platform.subscriber_to_td: 折算值抽样（第 40 条，已按 HJ 212-2025 §8.1.1 d) 的规则处理：无法折算时传缺省类型最大值哨兵 9999.99；⚠️ 注意这是【规则对齐】，本项目出站报文体仍是内部简化格式，不是 HJ212 报文）: 标干 ts=2026-10-02 22:15:05 O2=3.9000 -> dust=3.2456 so2=15.6140 nox=29.3860
2026-10-02 15:21:53 [INFO] platform.subscriber_to_td: 折算值抽样（第 60 条，已按 HJ 212-2025 §8.1.1 d) 的规则处理：无法折算时传缺省类型最大值哨兵 9999.99；⚠️ 注意这是【规则对齐】，本项目出站报文体仍是内部简化格式，不是 HJ212 报文）: 标干 ts=2026-10-02 22:15:25 O2=3.9000 -> dust=3.1579 so2=15.2632 nox=28.8596
2026-10-02 15:21:53 [INFO] platform.subscriber_to_td: 折算值抽样（第 80 条，已按 HJ 212-2025 §8.1.1 d) 的规则处理：无法折算时传缺省类型最大值哨兵 9999.99；⚠️ 注意这是【规则对齐】，本项目出站报文体仍是内部简化格式，不是 HJ212 报文）: 标干 ts=2026-10-02 22:15:45 O2=4.1000 -> dust=3.1065 so2=15.1775 nox=28.7574
2026-10-02 15:21:53 [INFO] platform.subscriber_to_td: 折算值抽样（第 100 条，已按 HJ 212-2025 §8.1.1 d) 的规则处理：无法折算时传缺省类型最大值哨兵 9999.99；⚠️ 注意这是【规则对齐】，本项目出站报文体仍是内部简化格式，不是 HJ212 报文）: 标干 ts=2026-10-02 22:06:17 O2=4.1000 -> dust=3.2840 so2=15.8876 nox=29.9112
2026-10-02 15:21:53 [INFO] platform.subscriber_to_td: 折算值抽样（第 120 条，已按 HJ 212-2025 §8.1.1 d) 的规则处理：无法折算时传缺省类型最大值哨兵 9999.99；⚠️ 注意这是【规则对齐】，本项目出站报文体仍是内部简化格式，不是 HJ212 报文）: 标干 ts=2026-10-02 22:06:21 O2=4.0000 -> dust=3.1765 so2=15.4412 nox=29.2059
2026-10-02 15:21:53 [INFO] platform.subscriber_to_td: 折算值抽样（第 140 条，已按 HJ 212-2025 §8.1.1 d) 的规则处理：无法折算时传缺省类型最大值哨兵 9999.99；⚠️ 注意这是【规则对齐】，本项目出站报文体仍是内部简化格式，不是 HJ212 报文）: 标干 ts=2026-10-02 22:06:25 O2=3.9000 -> dust=3.0702 so2=15.0000 nox=28.5088
2026-10-02 15:21:54 [INFO] platform.subscriber_to_td: 折算值抽样（第 160 条，已按 HJ 212-2025 §8.1.1 d) 的规则处理：无法折算时传缺省类型最大值哨兵 9999.99；⚠️ 注意这是【规则对齐】，本项目出站报文体仍是内部简化格式，不是 HJ212 报文）: 标干 ts=2026-10-02 22:06:29 O2=3.9000 -> dust=3.1579 so2=15.3509 nox=28.9474
2026-10-02 15:21:54 [INFO] platform.subscriber_to_td: 折算值抽样（第 180 条，已按 HJ 212-2025 §8.1.1 d) 的规则处理：无法折算时传缺省类型最大值哨兵 9999.99；⚠️ 注意这是【规则对齐】，本项目出站报文体仍是内部简化格式，不是 HJ212 报文）: 标干 ts=2026-10-02 22:06:33 O2=4.1000 -> dust=3.2840 so2=15.8876 nox=29.8225
2026-10-02 15:21:54 [INFO] platform.subscriber_to_td: 折算值抽样（第 200 条，已按 HJ 212-2025 §8.1.1 d) 的规则处理：无法折算时传缺省类型最大值哨兵 9999.99；⚠️ 注意这是【规则对齐】，本项目出站报文体仍是内部简化格式，不是 HJ212 报文）: 标干 ts=2026-10-02 22:06:37 O2=4.0000 -> dust=3.1765 so2=15.6176 nox=29.3824
2026-10-02 15:21:54 [INFO] platform.subscriber_to_td: 折算值抽样（第 220 条，已按 HJ 212-2025 §8.1.1 d) 的规则处理：无法折算时传缺省类型最大值哨兵 9999.99；⚠️ 注意这是【规则对齐】，本项目出站报文体仍是内部简化格式，不是 HJ212 报文）: 标干 ts=2026-10-02 22:06:41 O2=3.9000 -> dust=3.1579 so2=15.0000 nox=28.5088
2026-10-02 15:21:54 [INFO] platform.subscriber_to_td: 折算值抽样（第 240 条，已按 HJ 212-2025 §8.1.1 d) 的规则处理：无法折算时传缺省类型最大值哨兵 9999.99；⚠️ 注意这是【规则对齐】，本项目出站报文体仍是内部简化格式，不是 HJ212 报文）: 标干 ts=2026-10-02 22:04:54 O2=3.9000 -> dust=3.2456 so2=15.6140 nox=29.3860
2026-10-02 15:21:54 [INFO] platform.subscriber_to_td: 折算值抽样（第 260 条，已按 HJ 212-2025 §8.1.1 d) 的规则处理：无法折算时传缺省类型最大值哨兵 9999.99；⚠️ 注意这是【规则对齐】，本项目出站报文体仍是内部简化格式，不是 HJ212 报文）: 标干 ts=2026-10-02 22:04:58 O2=4.0000 -> dust=3.1765 so2=15.2647 nox=28.8529
2026-10-02 15:21:54 [INFO] platform.subscriber_to_td: 折算值抽样（第 280 条，已按 HJ 212-2025 §8.1.1 d) 的规则处理：无法折算时传缺省类型最大值哨兵 9999.99；⚠️ 注意这是【规则对齐】，本项目出站报文体仍是内部简化格式，不是 HJ212 报文）: 标干 ts=2026-10-02 22:05:02 O2=4.1000 -> dust=3.1953 so2=15.2663 nox=28.9349
2026-10-02 15:21:54 [INFO] platform.subscriber_to_td: 折算值抽样（第 300 条，已按 HJ 212-2025 §8.1.1 d) 的规则处理：无法折算时传缺省类型最大值哨兵 9999.99；⚠️ 注意这是【规则对齐】，本项目出站报文体仍是内部简化格式，不是 HJ212 报文）: 标干 ts=2026-10-02 22:05:06 O2=4.0000 -> dust=3.1765 so2=15.6176 nox=29.4706
2026-10-02 15:21:54 [INFO] platform.subscriber_to_td: 折算值抽样（第 320 条，已按 HJ 212-2025 §8.1.1 d) 的规则处理：无法折算时传缺省类型最大值哨兵 9999.99；⚠️ 注意这是【规则对齐】，本项目出站报文体仍是内部简化格式，不是 HJ212 报文）: 标干 ts=2026-10-02 22:05:10 O2=3.9000 -> dust=3.2456 so2=15.7018 nox=29.4737
2026-10-02 15:21:54 [INFO] platform.subscriber_to_td: 折算值抽样（第 340 条，已按 HJ 212-2025 §8.1.1 d) 的规则处理：无法折算时传缺省类型最大值哨兵 9999.99；⚠️ 注意这是【规则对齐】，本项目出站报文体仍是内部简化格式，不是 HJ212 报文）: 标干 ts=2026-10-02 22:05:14 O2=4.0000 -> dust=3.1765 so2=15.3529 nox=29.0294
2026-10-02 15:21:54 [INFO] platform.subscriber_to_td: 折算值抽样（第 360 条，已按 HJ 212-2025 §8.1.1 d) 的规则处理：无法折算时传缺省类型最大值哨兵 9999.99；⚠️ 注意这是【规则对齐】，本项目出站报文体仍是内部简化格式，不是 HJ212 报文）: 标干 ts=2026-10-02 22:05:18 O2=4.1000 -> dust=3.1953 so2=15.1775 nox=28.8462
2026-10-02 15:21:54 [INFO] platform.subscriber_to_td: 折算值抽样（第 380 条，已按 HJ 212-2025 §8.1.1 d) 的规则处理：无法折算时传缺省类型最大值哨兵 9999.99；⚠️ 注意这是【规则对齐】，本项目出站报文体仍是内部简化格式，不是 HJ212 报文）: 标干 ts=2026-10-02 22:05:22 O2=3.9000 -> dust=3.1579 so2=15.4386 nox=29.1228
2026-10-02 15:21:55 [INFO] platform.subscriber_to_td: 折算值抽样（第 400 条，已按 HJ 212-2025 §8.1.1 d) 的规则处理：无法折算时传缺省类型最大值哨兵 9999.99；⚠️ 注意这是【规则对齐】，本项目出站报文体仍是内部简化格式，不是 HJ212 报文）: 标干 ts=2026-10-02 22:16:23 O2=3.9000 -> dust=3.1579 so2=15.2632 nox=28.7719
2026-10-02 15:21:55 [INFO] platform.subscriber_to_td: 折算值抽样（第 420 条，已按 HJ 212-2025 §8.1.1 d) 的规则处理：无法折算时传缺省类型最大值哨兵 9999.99；⚠️ 注意这是【规则对齐】，本项目出站报文体仍是内部简化格式，不是 HJ212 报文）: 标干 ts=2026-10-02 22:21:17 O2=3.9000 -> dust=3.2456 so2=15.7018 nox=29.4737
2026-10-02 15:21:55 [INFO] platform.subscriber_to_td: 折算值抽样（第 440 条，已按 HJ 212-2025 §8.1.1 d) 的规则处理：无法折算时传缺省类型最大值哨兵 9999.99；⚠️ 注意这是【规则对齐】，本项目出站报文体仍是内部简化格式，不是 HJ212 报文）: 标干 ts=2026-10-02 22:07:22 O2=4.0000 -> dust=3.1765 so2=15.7059 nox=29.4706
2026-10-02 15:21:55 [INFO] platform.subscriber_to_td: 折算值抽样（第 460 条，已按 HJ 212-2025 §8.1.1 d) 的规则处理：无法折算时传缺省类型最大值哨兵 9999.99；⚠️ 注意这是【规则对齐】，本项目出站报文体仍是内部简化格式，不是 HJ212 报文）: 标干 ts=2026-10-02 22:07:26 O2=3.9000 -> dust=3.2456 so2=15.7018 nox=29.4737
2026-10-02 15:21:55 [INFO] platform.subscriber_to_td: 折算值抽样（第 480 条，已按 HJ 212-2025 §8.1.1 d) 的规则处理：无法折算时传缺省类型最大值哨兵 9999.99；⚠️ 注意这是【规则对齐】，本项目出站报文体仍是内部简化格式，不是 HJ212 报文）: 标干 ts=2026-10-02 22:07:30 O2=3.9000 -> dust=3.1579 so2=15.2632 nox=28.7719
2026-10-02 15:21:55 [INFO] platform.subscriber_to_td: 折算值抽样（第 500 条，已按 HJ 212-2025 §8.1.1 d) 的规则处理：无法折算时传缺省类型最大值哨兵 9999.99；⚠️ 注意这是【规则对齐】，本项目出站报文体仍是内部简化格式，不是 HJ212 报文）: 标干 ts=2026-10-02 22:07:34 O2=4.1000 -> dust=3.1953 so2=15.1775 nox=28.8462
2026-10-02 15:21:55 [INFO] platform.subscriber_to_td: 折算值抽样（第 520 条，已按 HJ 212-2025 §8.1.1 d) 的规则处理：无法折算时传缺省类型最大值哨兵 9999.99；⚠️ 注意这是【规则对齐】，本项目出站报文体仍是内部简化格式，不是 HJ212 报文）: 标干 ts=2026-10-02 22:07:38 O2=4.0000 -> dust=3.1765 so2=15.5294 nox=29.2941
2026-10-02 15:21:55 [INFO] platform.subscriber_to_td: 折算值抽样（第 540 条，已按 HJ 212-2025 §8.1.1 d) 的规则处理：无法折算时传缺省类型最大值哨兵 9999.99；⚠️ 注意这是【规则对齐】，本项目出站报文体仍是内部简化格式，不是 HJ212 报文）: 标干 ts=2026-10-02 22:07:42 O2=3.9000 -> dust=3.2456 so2=15.7018 nox=29.5614
2026-10-02 15:21:55 [INFO] platform.subscriber_to_td: 折算值抽样（第 560 条，已按 HJ 212-2025 §8.1.1 d) 的规则处理：无法折算时传缺省类型最大值哨兵 9999.99；⚠️ 注意这是【规则对齐】，本项目出站报文体仍是内部简化格式，不是 HJ212 报文）: 标干 ts=2026-10-02 22:07:46 O2=3.9000 -> dust=3.1579 so2=15.3509 nox=28.9474
2026-10-02 15:21:55 [INFO] platform.subscriber_to_td: 折算值抽样（第 580 条，已按 HJ 212-2025 §8.1.1 d) 的规则处理：无法折算时传缺省类型最大值哨兵 9999.99；⚠️ 注意这是【规则对齐】，本项目出站报文体仍是内部简化格式，不是 HJ212 报文）: 标干 ts=2026-10-02 22:07:50 O2=4.1000 -> dust=3.1065 so2=15.1775 nox=28.8462
2026-10-02 15:21:56 [INFO] platform.subscriber_to_td: 折算值抽样（第 600 条，已按 HJ 212-2025 §8.1.1 d) 的规则处理：无法折算时传缺省类型最大值哨兵 9999.99；⚠️ 注意这是【规则对齐】，本项目出站报文体仍是内部简化格式，不是 HJ212 报文）: 标干 ts=2026-10-02 22:08:35 O2=4.1000 -> dust=3.1953 so2=15.7988 nox=29.6450
2026-10-02 15:21:56 [INFO] platform.subscriber_to_td: 折算值抽样（第 620 条，已按 HJ 212-2025 §8.1.1 d) 的规则处理：无法折算时传缺省类型最大值哨兵 9999.99；⚠️ 注意这是【规则对齐】，本项目出站报文体仍是内部简化格式，不是 HJ212 报文）: 标干 ts=2026-10-02 22:08:39 O2=4.0000 -> dust=3.1765 so2=15.1765 nox=28.7647
2026-10-02 15:21:56 [INFO] platform.subscriber_to_td: 折算值抽样（第 640 条，已按 HJ 212-2025 §8.1.1 d) 的规则处理：无法折算时传缺省类型最大值哨兵 9999.99；⚠️ 注意这是【规则对齐】，本项目出站报文体仍是内部简化格式，不是 HJ212 报文）: 标干 ts=2026-10-02 22:08:43 O2=3.9000 -> dust=3.1579 so2=15.0877 nox=28.5965
2026-10-02 15:21:56 [INFO] platform.subscriber_to_td: 折算值抽样（第 660 条，已按 HJ 212-2025 §8.1.1 d) 的规则处理：无法折算时传缺省类型最大值哨兵 9999.99；⚠️ 注意这是【规则对齐】，本项目出站报文体仍是内部简化格式，不是 HJ212 报文）: 标干 ts=2026-10-02 22:08:47 O2=3.9000 -> dust=3.1579 so2=15.6140 nox=29.2982
2026-10-02 15:21:56 [INFO] platform.subscriber_to_td: 折算值抽样（第 680 条，已按 HJ 212-2025 §8.1.1 d) 的规则处理：无法折算时传缺省类型最大值哨兵 9999.99；⚠️ 注意这是【规则对齐】，本项目出站报文体仍是内部简化格式，不是 HJ212 报文）: 标干 ts=2026-10-02 22:08:51 O2=4.1000 -> dust=3.2840 so2=15.8876 nox=29.8225
2026-10-02 15:21:56 [INFO] platform.subscriber_to_td: 折算值抽样（第 700 条，已按 HJ 212-2025 §8.1.1 d) 的规则处理：无法折算时传缺省类型最大值哨兵 9999.99；⚠️ 注意这是【规则对齐】，本项目出站报文体仍是内部简化格式，不是 HJ212 报文）: 标干 ts=2026-10-02 22:08:55 O2=4.0000 -> dust=3.1765 so2=15.2647 nox=28.9412
2026-10-02 15:21:56 [INFO] platform.subscriber_to_td: 折算值抽样（第 720 条，已按 HJ 212-2025 §8.1.1 d) 的规则处理：无法折算时传缺省类型最大值哨兵 9999.99；⚠️ 注意这是【规则对齐】，本项目出站报文体仍是内部简化格式，不是 HJ212 报文）: 标干 ts=2026-10-02 22:08:59 O2=3.9000 -> dust=3.1579 so2=15.0000 nox=28.5088
2026-10-02 15:21:56 [INFO] platform.subscriber_to_td: 折算值抽样（第 740 条，已按 HJ 212-2025 §8.1.1 d) 的规则处理：无法折算时传缺省类型最大值哨兵 9999.99；⚠️ 注意这是【规则对齐】，本项目出站报文体仍是内部简化格式，不是 HJ212 报文）: 标干 ts=2026-10-02 21:44:33 O2=4.0000 -> dust=3.1765 so2=15.5294 nox=29.2941
2026-10-02 15:21:56 [INFO] platform.subscriber_to_td: 折算值抽样（第 760 条，已按 HJ 212-2025 §8.1.1 d) 的规则处理：无法折算时传缺省类型最大值哨兵 9999.99；⚠️ 注意这是【规则对齐】，本项目出站报文体仍是内部简化格式，不是 HJ212 报文）: 标干 ts=2026-10-02 22:19:45 O2=3.9000 -> dust=3.1579 so2=15.0000 nox=28.5088
2026-10-02 15:21:57 [INFO] platform.subscriber_to_td: 折算值抽样（第 780 条，已按 HJ 212-2025 §8.1.1 d) 的规则处理：无法折算时传缺省类型最大值哨兵 9999.99；⚠️ 注意这是【规则对齐】，本项目出站报文体仍是内部简化格式，不是 HJ212 报文）: 标干 ts=2026-10-02 22:19:49 O2=4.0000 -> dust=3.1765 so2=15.6176 nox=29.3824
2026-10-02 15:21:57 [INFO] platform.subscriber_to_td: 折算值抽样（第 800 条，已按 HJ 212-2025 §8.1.1 d) 的规则处理：无法折算时传缺省类型最大值哨兵 9999.99；⚠️ 注意这是【规则对齐】，本项目出站报文体仍是内部简化格式，不是 HJ212 报文）: 标干 ts=2026-10-02 22:19:53 O2=4.0000 -> dust=3.2647 so2=15.7941 nox=29.5588
2026-10-02 15:21:57 [INFO] platform.subscriber_to_td: 折算值抽样（第 820 条，已按 HJ 212-2025 §8.1.1 d) 的规则处理：无法折算时传缺省类型最大值哨兵 9999.99；⚠️ 注意这是【规则对齐】，本项目出站报文体仍是内部简化格式，不是 HJ212 报文）: 标干 ts=2026-10-02 22:19:57 O2=3.9000 -> dust=3.1579 so2=15.1754 nox=28.7719
2026-10-02 15:21:57 [INFO] platform.subscriber_to_td: 折算值抽样（第 840 条，已按 HJ 212-2025 §8.1.1 d) 的规则处理：无法折算时传缺省类型最大值哨兵 9999.99；⚠️ 注意这是【规则对齐】，本项目出站报文体仍是内部简化格式，不是 HJ212 报文）: 标干 ts=2026-10-02 22:20:01 O2=3.9000 -> dust=3.0702 so2=15.0000 nox=28.4211
2026-10-02 15:21:57 [INFO] platform.subscriber_to_td: 折算值抽样（第 860 条，已按 HJ 212-2025 §8.1.1 d) 的规则处理：无法折算时传缺省类型最大值哨兵 9999.99；⚠️ 注意这是【规则对齐】，本项目出站报文体仍是内部简化格式，不是 HJ212 报文）: 标干 ts=2026-10-02 22:20:05 O2=4.1000 -> dust=3.1953 so2=15.6213 nox=29.3787
2026-10-02 15:21:57 [INFO] platform.subscriber_to_td: 折算值抽样（第 880 条，已按 HJ 212-2025 §8.1.1 d) 的规则处理：无法折算时传缺省类型最大值哨兵 9999.99；⚠️ 注意这是【规则对齐】，本项目出站报文体仍是内部简化格式，不是 HJ212 报文）: 标干 ts=2026-10-02 22:20:09 O2=4.0000 -> dust=3.2647 so2=15.7941 nox=29.6471
2026-10-02 15:21:57 [INFO] platform.subscriber_to_td: 折算值抽样（第 900 条，已按 HJ 212-2025 §8.1.1 d) 的规则处理：无法折算时传缺省类型最大值哨兵 9999.99；⚠️ 注意这是【规则对齐】，本项目出站报文体仍是内部简化格式，不是 HJ212 报文）: 标干 ts=2026-10-02 22:20:13 O2=3.9000 -> dust=3.1579 so2=15.3509 nox=28.9474
